Component: ARM Compiler 5.06 update 7 (build 960) Tool: armlink [4d3601]

==============================================================================

Section Cross References

    startup_stm32f103xb.o(STACK) refers (Special) to heapauxi.o(.text) for __use_two_region_memory
    startup_stm32f103xb.o(HEAP) refers (Special) to heapauxi.o(.text) for __use_two_region_memory
    startup_stm32f103xb.o(RESET) refers (Special) to heapauxi.o(.text) for __use_two_region_memory
    startup_stm32f103xb.o(RESET) refers to startup_stm32f103xb.o(STACK) for __initial_sp
    startup_stm32f103xb.o(RESET) refers to startup_stm32f103xb.o(.text) for Reset_Handler
    startup_stm32f103xb.o(RESET) refers to stm32f1xx_it.o(i.NMI_Handler) for NMI_Handler
    startup_stm32f103xb.o(RESET) refers to stm32f1xx_it.o(i.HardFault_Handler) for HardFault_Handler
    startup_stm32f103xb.o(RESET) refers to stm32f1xx_it.o(i.MemManage_Handler) for MemManage_Handler
    startup_stm32f103xb.o(RESET) refers to stm32f1xx_it.o(i.BusFault_Handler) for BusFault_Handler
    startup_stm32f103xb.o(RESET) refers to stm32f1xx_it.o(i.UsageFault_Handler) for UsageFault_Handler
    startup_stm32f103xb.o(RESET) refers to port.o(.emb_text) for SVC_Handler
    startup_stm32f103xb.o(RESET) refers to stm32f1xx_it.o(i.DebugMon_Handler) for DebugMon_Handler
    startup_stm32f103xb.o(RESET) refers to port.o(i.SysTick_Handler) for SysTick_Handler
    startup_stm32f103xb.o(RESET) refers to stm32f1xx_it.o(i.EXTI1_IRQHandler) for EXTI1_IRQHandler
    startup_stm32f103xb.o(RESET) refers to stm32f1xx_it.o(i.EXTI2_IRQHandler) for EXTI2_IRQHandler
    startup_stm32f103xb.o(RESET) refers to stm32f1xx_it.o(i.EXTI3_IRQHandler) for EXTI3_IRQHandler
    startup_stm32f103xb.o(RESET) refers to stm32f1xx_it.o(i.EXTI4_IRQHandler) for EXTI4_IRQHandler
    startup_stm32f103xb.o(RESET) refers to stm32f1xx_it.o(i.TIM1_UP_IRQHandler) for TIM1_UP_IRQHandler
    startup_stm32f103xb.o(RESET) refers to stm32f1xx_it.o(i.TIM4_IRQHandler) for TIM4_IRQHandler
    startup_stm32f103xb.o(.text) refers (Special) to heapauxi.o(.text) for __use_two_region_memory
    startup_stm32f103xb.o(.text) refers to system_stm32f1xx.o(i.SystemInit) for SystemInit
    startup_stm32f103xb.o(.text) refers to __main.o(!!!main) for __main
    startup_stm32f103xb.o(.text) refers to startup_stm32f103xb.o(HEAP) for Heap_Mem
    startup_stm32f103xb.o(.text) refers to startup_stm32f103xb.o(STACK) for Stack_Mem
    singal.o(i.Alter_Para) refers to fflt_clz.o(x$fpl$ffltu) for __aeabi_ui2f
    singal.o(i.Alter_Para) refers to fdiv.o(x$fpl$fdiv) for __aeabi_fdiv
    singal.o(i.Alter_Para) refers to faddsub_clz.o(x$fpl$frsb) for __aeabi_frsub
    singal.o(i.Alter_Para) refers to scalbnf.o(x$fpl$scalbnf) for __ARM_scalbnf
    singal.o(i.Alter_Para) refers to faddsub_clz.o(x$fpl$fadd) for __aeabi_fadd
    oled.o(i.OLED_Clear) refers to oled.o(i.OLED_SetCursor) for OLED_SetCursor
    oled.o(i.OLED_Clear) refers to oled.o(i.OLED_WriteData) for OLED_WriteData
    oled.o(i.OLED_FastShowChar) refers to oled.o(.constdata) for .constdata
    oled.o(i.OLED_FastShowChar) refers to oled.o(.bss) for .bss
    oled.o(i.OLED_FastShowNum) refers to oled.o(i.OLED_Pow) for OLED_Pow
    oled.o(i.OLED_FastShowNum) refers to oled.o(i.OLED_FastShowChar) for OLED_FastShowChar
    oled.o(i.OLED_FastShowPicture) refers to oled.o(.constdata) for .constdata
    oled.o(i.OLED_FastShowPicture) refers to oled.o(.bss) for .bss
    oled.o(i.OLED_FastShowString) refers to oled.o(i.OLED_FastShowChar) for OLED_FastShowChar
    oled.o(i.OLED_Init) refers to stm32f1xx_hal.o(i.HAL_Delay) for HAL_Delay
    oled.o(i.OLED_Init) refers to oled.o(i.OLED_WriteCommand) for OLED_WriteCommand
    oled.o(i.OLED_Init) refers to oled.o(i.OLED_Clear) for OLED_Clear
    oled.o(i.OLED_Reverse_ShowChar) refers to oled.o(i.OLED_SetCursor) for OLED_SetCursor
    oled.o(i.OLED_Reverse_ShowChar) refers to oled.o(i.OLED_Reverse_WriteData) for OLED_Reverse_WriteData
    oled.o(i.OLED_Reverse_ShowChar) refers to oled.o(.constdata) for .constdata
    oled.o(i.OLED_Reverse_ShowString) refers to oled.o(i.OLED_Reverse_ShowChar) for OLED_Reverse_ShowChar
    oled.o(i.OLED_Reverse_WriteData) refers to stm32f1xx_hal_i2c.o(i.HAL_I2C_Mem_Write) for HAL_I2C_Mem_Write
    oled.o(i.OLED_Reverse_WriteData) refers to i2c.o(.bss) for hi2c2
    oled.o(i.OLED_SetCursor) refers to oled.o(i.OLED_WriteCommand) for OLED_WriteCommand
    oled.o(i.OLED_ShowBinNum) refers to oled.o(i.OLED_Pow) for OLED_Pow
    oled.o(i.OLED_ShowBinNum) refers to oled.o(i.OLED_ShowChar) for OLED_ShowChar
    oled.o(i.OLED_ShowChar) refers to oled.o(i.OLED_SetCursor) for OLED_SetCursor
    oled.o(i.OLED_ShowChar) refers to oled.o(i.OLED_WriteData) for OLED_WriteData
    oled.o(i.OLED_ShowChar) refers to oled.o(.constdata) for .constdata
    oled.o(i.OLED_ShowChinese) refers to oled.o(i.OLED_SetCursor) for OLED_SetCursor
    oled.o(i.OLED_ShowChinese) refers to oled.o(i.OLED_WriteData) for OLED_WriteData
[...]
    xActiveTimerList1                        0x200009a8   Data          20  timers.o(.bss)
    xActiveTimerList2                        0x200009bc   Data          20  timers.o(.bss)
    xStaticTimerQueue                        0x200009d0   Data          80  timers.o(.bss)
    ucStaticTimerQueueStorage                0x20000a20   Data         160  timers.o(.bss)
    .bss                                     0x20000ac0   Section     1720  cmsis_os2.o(.bss)
    Idle_TCB                                 0x20000ac0   Data          92  cmsis_os2.o(.bss)
    Idle_Stack                               0x20000b1c   Data         512  cmsis_os2.o(.bss)
    Timer_TCB                                0x20000d1c   Data          92  cmsis_os2.o(.bss)
    Timer_Stack                              0x20000d78   Data        1024  cmsis_os2.o(.bss)
    .bss                                     0x20001178   Section    10240  heap_4.o(.bss)
    ucHeap                                   0x20001178   Data       10240  heap_4.o(.bss)
    .bss                                     0x20003978   Section       96  libspace.o(.bss)
    HEAP                                     0x200039d8   Section      512  startup_stm32f103xb.o(HEAP)
    Heap_Mem                                 0x200039d8   Data         512  startup_stm32f103xb.o(HEAP)
    STACK                                    0x20003bd8   Section     1024  startup_stm32f103xb.o(STACK)
    Stack_Mem                                0x20003bd8   Data        1024  startup_stm32f103xb.o(STACK)
    __initial_sp                             0x20003fd8   Data           0  startup_stm32f103xb.o(STACK)

    Global Symbols

    Symbol Name                              Value     Ov Type        Size  Object(Section)

    BuildAttributes$$THM_ISAv4$P$D$K$B$S$PE$A:L22UL41UL21$X:L11$S22US41US21$IEEE1$IW$USESV6$~STKCKD$USESV7$~SHL$OTIME$ROPI$IEEEX$EBA8$UX$STANDARDLIB$REQ8$PRES8$EABIv2 0x00000000   Number         0  anon$$obj.o ABSOLUTE
    __ARM_use_no_argv                        0x00000000   Number         0  main.o ABSOLUTE
    __ARM_exceptions_init                     - Undefined Weak Reference
    __alloca_initialize                       - Undefined Weak Reference
    __arm_fini_                               - Undefined Weak Reference
    __arm_preinit_                            - Undefined Weak Reference
    __cpp_initialize__aeabi_                  - Undefined Weak Reference
    __cxa_finalize                            - Undefined Weak Reference
    __rt_locale                               - Undefined Weak Reference
    __sigvec_lookup                           - Undefined Weak Reference
    _atexit_init                              - Undefined Weak Reference
    _call_atexit_fns                          - Undefined Weak Reference
    _clock_init                               - Undefined Weak Reference
    _fp_trap_init                             - Undefined Weak Reference
    _fp_trap_shutdown                         - Undefined Weak Reference
    _get_lc_collate                           - Undefined Weak Reference
    _get_lc_ctype                             - Undefined Weak Reference
    _get_lc_monetary                          - Undefined Weak Reference
    _get_lc_numeric                           - Undefined Weak Reference
    _get_lc_time                              - Undefined Weak Reference
    _getenv_init                              - Undefined Weak Reference
    _handle_redirection                       - Undefined Weak Reference
    _init_alloc                               - Undefined Weak Reference
    _init_user_alloc                          - Undefined Weak Reference
    _initio                                   - Undefined Weak Reference
    _rand_init                                - Undefined Weak Reference
    _signal_finish                            - Undefined Weak Reference
    _signal_init                              - Undefined Weak Reference
    _terminate_alloc                          - Undefined Weak Reference
    _terminate_user_alloc                     - Undefined Weak Reference
    _terminateio                              - Undefined Weak Reference
    __Vectors_Size                           0x000000ec   Number         0  startup_stm32f103xb.o ABSOLUTE
    __Vectors                                0x08000000   Data           4  startup_stm32f103xb.o(RESET)
    __Vectors_End                            0x080000ec   Data           0  startup_stm32f103xb.o(RESET)
    __main                                   0x080000ed   Thumb Code     8  __main.o(!!!main)
    __scatterload                            0x080000f5   Thumb Code     0  __scatter.o(!!!scatter)
    __scatterload_rt2                        0x080000f5   Thumb Code    44  __scatter.o(!!!scatter)
    __scatterload_rt2_thumb_only             0x080000f5   Thumb Code     0  __scatter.o(!!!scatter)
    __scatterload_null                       0x08000103   Thumb Code     0  __scatter.o(!!!scatter)
    __scatterload_copy                       0x08000129   Thumb Code    26  __scatter_copy.o(!!handler_copy)
    __scatterload_zeroinit                   0x08000145   Thumb Code    28  __scatter_zi.o(!!handler_zi)
    __rt_lib_init                            0x08000161   Thumb Code     0  libinit.o(.ARM.Collect$$libinit$$00000000)
    __rt_lib_init_alloca_1                   0x08000163   Thumb Code     0  libinit2.o(.ARM.Collect$$libinit$$0000002E)
    __rt_lib_init_argv_1                     0x08000163   Thumb Code     0  libinit2.o(.ARM.Collect$$libinit$$0000002C)
    __rt_lib_init_atexit_1                   0x08000163   Thumb Code     0  libinit2.o(.ARM.Collect$$libinit$$0000001B)
    __rt_lib_init_clock_1                    0x08000163   Thumb Code     0  libinit2.o(.ARM.Collect$$libinit$$00000021)
    __rt_lib_init_cpp_1                      0x08000163   Thumb Code     0  libinit2.o(.ARM.Collect$$libinit$$00000032)
    __rt_lib_init_exceptions_1               0x08000163   Thumb Code     0  libinit2.o(.ARM.Collect$$libinit$$00000030)
    __rt_lib_init_fp_1                       0x08000163   Thumb Code     0  libinit2.o(.ARM.Collect$$libinit$$00000002)
    __rt_lib_init_fp_trap_1                  0x08000163   Thumb Code     0  libinit2.o(.ARM.Collect$$libinit$$0000001F)
    __rt_lib_init_getenv_1                   0x08000163   Thumb Code     0  libinit2.o(.ARM.Collect$$libinit$$00000023)
    __rt_lib_init_heap_1                     0x08000163   Thumb Code     0  libinit2.o(.ARM.Collect$$libinit$$0000000A)
    __rt_lib_init_lc_collate_1               0x08000163   Thumb Code     0  libinit2.o(.ARM.Collect$$libinit$$00000011)
    __rt_lib_init_lc_ctype_1                 0x08000163   Thumb Code     0  libinit2.o(.ARM.Collect$$libinit$$00000013)
    __rt_lib_init_lc_monetary_1              0x08000163   Thumb Code     0  libinit2.o(.ARM.Collect$$libinit$$00000015)
    __rt_lib_init_lc_numeric_1               0x08000163   Thumb Code     0  libinit2.o(.ARM.Collect$$libinit$$00000017)
    __rt_lib_init_lc_time_1                  0x08000163   Thumb Code     0  libinit2.o(.ARM.Collect$$libinit$$00000019)
    __rt_lib_init_preinit_1                  0x08000163   Thumb Code     0  libinit2.o(.ARM.Collect$$libinit$$00000004)
    __rt_lib_init_rand_1                     0x08000163   Thumb Code     0  libinit2.o(.ARM.Collect$$libinit$$0000000E)
    __rt_lib_init_return                     0x08000163   Thumb Code     0  libinit2.o(.ARM.Collect$$libinit$$00000033)
    __rt_lib_init_signal_1                   0x08000163   Thumb Code     0  libinit2.o(.ARM.Collect$$libinit$$0000001D)
    __rt_lib_init_stdio_1                    0x08000163   Thumb Code     0  libinit2.o(.ARM.Collect$$libinit$$00000025)
    __rt_lib_init_user_alloc_1               0x08000163   Thumb Code     0  libinit2.o(.ARM.Collect$$libinit$$0000000C)
    __rt_lib_shutdown                        0x08000165   Thumb Code     0  libshutdown.o(.ARM.Collect$$libshutdown$$00000000)
    __rt_lib_shutdown_cpp_1                  0x08000167   Thumb Code     0  libshutdown2.o(.ARM.Collect$$libshutdown$$00000004)
    __rt_lib_shutdown_fini_1                 0x08000167   Thumb Code     0  libshutdown2.o(.ARM.Collect$$libshutdown$$00000002)
    __rt_lib_shutdown_fp_trap_1              0x08000167   Thumb Code     0  libshutdown2.o(.ARM.Collect$$libshutdown$$00000009)
    __rt_lib_shutdown_heap_1                 0x08000167   Thumb Code     0  libshutdown2.o(.ARM.Collect$$libshutdown$$00000011)
    __rt_lib_shutdown_return                 0x08000167   Thumb Code     0  libshutdown2.o(.ARM.Collect$$libshutdown$$00000012)
    __rt_lib_shutdown_signal_1               0x08000167   Thumb Code     0  libshutdown2.o(.ARM.Collect$$libshutdown$$0000000C)
    __rt_lib_shutdown_stdio_1                0x08000167   Thumb Code     0  libshutdown2.o(.ARM.Collect$$libshutdown$$00000006)
    __rt_lib_shutdown_user_alloc_1           0x08000167   Thumb Code     0  libshutdown2.o(.ARM.Collect$$libshutdown$$0000000E)
    __rt_entry                               0x08000169   Thumb Code     0  __rtentry.o(.ARM.Collect$$rtentry$$00000000)
    __rt_entry_presh_1                       0x08000169   Thumb Code     0  __rtentry2.o(.ARM.Collect$$rtentry$$00000002)
    __rt_entry_sh                            0x08000169   Thumb Code     0  __rtentry4.o(.ARM.Collect$$rtentry$$00000004)
    __rt_entry_li                            0x0800016f   Thumb Code     0  __rtentry2.o(.ARM.Collect$$rtentry$$0000000A)
    __rt_entry_postsh_1                      0x0800016f   Thumb Code     0  __rtentry2.o(.ARM.Collect$$rtentry$$00000009)
    __rt_entry_main                          0x08000173   Thumb Code     0  __rtentry2.o(.ARM.Collect$$rtentry$$0000000D)
    __rt_entry_postli_1                      0x08000173   Thumb Code     0  __rtentry2.o(.ARM.Collect$$rtentry$$0000000C)
    __rt_exit                                0x0800017b   Thumb Code     0  rtexit.o(.ARM.Collect$$rtexit$$00000000)
    __rt_exit_ls                             0x0800017d   Thumb Code     0  rtexit2.o(.ARM.Collect$$rtexit$$00000003)
    __rt_exit_prels_1                        0x0800017d   Thumb Code     0  rtexit2.o(.ARM.Collect$$rtexit$$00000002)
    __rt_exit_exit                           0x08000181   Thumb Code     0  rtexit2.o(.ARM.Collect$$rtexit$$00000004)
    SVC_Handler                              0x08000189   Thumb Code    32  port.o(.emb_text)
    __asm___6_port_c_39a90d8d__prvStartFirstTask 0x080001ad   Thumb Code    28  port.o(.emb_text)
    PendSV_Handler                           0x080001cd   Thumb Code    72  port.o(.emb_text)
    vPortGetIPSR                             0x08000219   Thumb Code     6  port.o(.emb_text)
    Reset_Handler                            0x08000221   Thumb Code     8  startup_stm32f103xb.o(.text)
    ADC1_2_IRQHandler                        0x0800023b   Thumb Code     0  startup_stm32f103xb.o(.text)
    CAN1_RX1_IRQHandler                      0x0800023b   Thumb Code     0  startup_stm32f103xb.o(.text)
    CAN1_SCE_IRQHandler                      0x0800023b   Thumb Code     0  startup_stm32f103xb.o(.text)
    DMA1_Channel1_IRQHandler                 0x0800023b   Thumb Code     0  startup_stm32f103xb.o(.text)
    DMA1_Channel2_IRQHandler                 0x0800023b   Thumb Code     0  startup_stm32f103xb.o(.text)
    DMA1_Channel3_IRQHandler                 0x0800023b   Thumb Code     0  startup_stm32f103xb.o(.text)
    DMA1_Channel4_IRQHandler                 0x0800023b   Thumb Code     0  startup_stm32f103xb.o(.text)
    DMA1_Channel5_IRQHandler                 0x0800023b   Thumb Code     0  startup_stm32f103xb.o(.text)
    DMA1_Channel6_IRQHandler                 0x0800023b   Thumb Code     0  startup_stm32f103xb.o(.text)
    DMA1_Channel7_IRQHandler                 0x0800023b   Thumb Code     0  startup_stm32f103xb.o(.text)
    EXTI0_IRQHandler                         0x0800023b   Thumb Code     0  startup_stm32f103xb.o(.text)
    EXTI15_10_IRQHandler                     0x0800023b   Thumb Code     0  startup_stm32f103xb.o(.text)
    EXTI9_5_IRQHandler                       0x0800023b   Thumb Code     0  startup_stm32f103xb.o(.text)
    FLASH_IRQHandler                         0x0800023b   Thumb Code     0  startup_stm32f103xb.o(.text)
    I2C1_ER_IRQHandler                       0x0800023b   Thumb Code     0  startup_stm32f103xb.o(.text)
    I2C1_EV_IRQHandler                       0x0800023b   Thumb Code     0  startup_stm32f103xb.o(.text)
    I2C2_ER_IRQHandler                       0x0800023b   Thumb Code     0  startup_stm32f103xb.o(.text)
    I2C2_EV_IRQHandler                       0x0800023b   Thumb Code     0  startup_stm32f103xb.o(.text)
    PVD_IRQHandler                           0x0800023b   Thumb Code     0  startup_stm32f103xb.o(.text)
    RCC_IRQHandler                           0x0800023b   Thumb Code     0  startup_stm32f103xb.o(.text)
    RTC_Alarm_IRQHandler                     0x0800023b   Thumb Code     0  startup_stm32f103xb.o(.text)
    RTC_IRQHandler                           0x0800023b   Thumb Code     0  startup_stm32f103xb.o(.text)
    SPI1_IRQHandler                          0x0800023b   Thumb Code     0  startup_stm32f103xb.o(.text)
    SPI2_IRQHandler                          0x0800023b   Thumb Code     0  startup_stm32f103xb.o(.text)
    TAMPER_IRQHandler                        0x0800023b   Thumb Code     0  startup_stm32f103xb.o(.text)
    TIM1_BRK_IRQHandler                      0x0800023b   Thumb Code     0  startup_stm32f103xb.o(.text)
    TIM1_CC_IRQHandler                       0x0800023b   Thumb Code     0  startup_stm32f103xb.o(.text)
    TIM1_TRG_COM_IRQHandler                  0x0800023b   Thumb Code     0  startup_stm32f103xb.o(.text)
    TIM2_IRQHandler                          0x0800023b   Thumb Code     0  startup_stm32f103xb.o(.text)
    TIM3_IRQHandler                          0x0800023b   Thumb Code     0  startup_stm32f103xb.o(.text)
    USART1_IRQHandler                        0x0800023b   Thumb Code     0  startup_stm32f103xb.o(.text)
    USART2_IRQHandler                        0x0800023b   Thumb Code     0  startup_stm32f103xb.o(.text)
    USART3_IRQHandler                        0x0800023b   Thumb Code     0  startup_stm32f103xb.o(.text)
    USBWakeUp_IRQHandler                     0x0800023b   Thumb Code     0  startup_stm32f103xb.o(.text)
    USB_HP_CAN1_TX_IRQHandler                0x0800023b   Thumb Code     0  startup_stm32f103xb.o(.text)
    USB_LP_CAN1_RX0_IRQHandler               0x0800023b   Thumb Code     0  startup_stm32f103xb.o(.text)
    WWDG_IRQHandler                          0x0800023b   Thumb Code     0  startup_stm32f103xb.o(.text)
    __user_initial_stackheap                 0x0800023d   Thumb Code     0  startup_stm32f103xb.o(.text)
    __aeabi_memcpy                           0x08000261   Thumb Code     0  rt_memcpy_v6.o(.text)
    __rt_memcpy                              0x08000261   Thumb Code   138  rt_memcpy_v6.o(.text)
    _memcpy_lastbytes                        0x080002c7   Thumb Code     0  rt_memcpy_v6.o(.text)
    __aeabi_memset                           0x080002eb   Thumb Code    16  aeabi_memset.o(.text)
    __aeabi_memclr4                          0x080002fb   Thumb Code     0  rt_memclr_w.o(.text)
    __aeabi_memclr8                          0x080002fb   Thumb Code     0  rt_memclr_w.o(.text)
    __rt_memclr_w                            0x080002fb   Thumb Code    78  rt_memclr_w.o(.text)
    _memset_w                                0x080002ff   Thumb Code     0  rt_memclr_w.o(.text)
    __use_two_region_memory                  0x08000349   Thumb Code     2  heapauxi.o(.text)
    __rt_heap_escrow$2region                 0x0800034b   Thumb Code     2  heapauxi.o(.text)
    __rt_heap_expand$2region                 0x0800034d   Thumb Code     2  heapauxi.o(.text)
    __read_errno                             0x0800034f   Thumb Code    10  _rserrno.o(.text)
    __set_errno                              0x08000359   Thumb Code    12  _rserrno.o(.text)
    __aeabi_memcpy4                          0x08000365   Thumb Code     0  rt_memcpy_w.o(.text)
    __aeabi_memcpy8                          0x08000365   Thumb Code     0  rt_memcpy_w.o(.text)
    __rt_memcpy_w                            0x08000365   Thumb Code   100  rt_memcpy_w.o(.text)
    _memcpy_lastbytes_aligned                0x080003ad   Thumb Code     0  rt_memcpy_w.o(.text)
    __aeabi_memclr                           0x080003c9   Thumb Code     0  rt_memclr.o(.text)
    __rt_memclr                              0x080003c9   Thumb Code    68  rt_memclr.o(.text)
    _memset                                  0x080003cd   Thumb Code     0  rt_memclr.o(.text)
    __aeabi_errno_addr                       0x0800040d   Thumb Code     8  rt_errno_addr_intlibspace.o(.text)
    __errno$intlibspace                      0x0800040d   Thumb Code     0  rt_errno_addr_intlibspace.o(.text)
    __rt_errno_addr$intlibspace              0x0800040d   Thumb Code     0  rt_errno_addr_intlibspace.o(.text)
    __user_libspace                          0x08000415   Thumb Code     8  libspace.o(.text)
    __user_perproc_libspace                  0x08000415   Thumb Code     0  libspace.o(.text)
    __user_perthread_libspace                0x08000415   Thumb Code     0  libspace.o(.text)
    __user_setup_stackheap                   0x0800041d   Thumb Code    74  sys_stackheap_outer.o(.text)
    exit                                     0x08000467   Thumb Code    18  exit.o(.text)
    _sys_exit                                0x08000479   Thumb Code     8  sys_exit.o(.text)
    __I$use$semihosting                      0x08000485   Thumb Code     0  use_no_semi.o(.text)
    __use_no_semihosting_swi                 0x08000485   Thumb Code     2  use_no_semi.o(.text)
    __semihosting_library_function           0x08000487   Thumb Code     0  indicate_semi.o(.text)
    Alter_Para                               0x08000489   Thumb Code   198  singal.o(i.Alter_Para)
    BusFault_Handler                         0x08000561   Thumb Code     2  stm32f1xx_it.o(i.BusFault_Handler)
    DAC_Alter_DR                             0x08000563   Thumb Code     4  dac.o(i.DAC_Alter_DR)
    DAC_Init                                 0x08000567   Thumb Code    16  dac.o(i.DAC_Init)
    DAC_Start                                0x08000579   Thumb Code   100  dac.o(i.DAC_Start)
    DAC_Stop                                 0x080005ed   Thumb Code    22  dac.o(i.DAC_Stop)
    DAC_WriteCmd                             0x08000609   Thumb Code    54  dac.o(i.DAC_WriteCmd)
    DebugMon_Handler                         0x08000645   Thumb Code     2  stm32f1xx_it.o(i.DebugMon_Handler)
    EXTI1_IRQHandler                         0x08000647   Thumb Code     6  stm32f1xx_it.o(i.EXTI1_IRQHandler)
    EXTI2_IRQHandler                         0x0800064d   Thumb Code     6  stm32f1xx_it.o(i.EXTI2_IRQHandler)
    EXTI3_IRQHandler                         0x08000653   Thumb Code     6  stm32f1xx_it.o(i.EXTI3_IRQHandler)
    EXTI4_IRQHandler                         0x08000659   Thumb Code     6  stm32f1xx_it.o(i.EXTI4_IRQHandler)
    Error_Handler                            0x0800065f   Thumb Code     4  main.o(i.Error_Handler)
    Get_Knob_value                           0x08000665   Thumb Code    74  knob.o(i.Get_Knob_value)
    HAL_Delay                                0x080006b5   Thumb Code    32  stm32f1xx_hal.o(i.HAL_Delay)
    HAL_GPIO_EXTI_Callback                   0x080006d9   Thumb Code    10  freertos.o(i.HAL_GPIO_EXTI_Callback)
    HAL_GPIO_EXTI_IRQHandler                 0x080006e9   Thumb Code    18  stm32f1xx_hal_gpio.o(i.HAL_GPIO_EXTI_IRQHandler)
    HAL_GPIO_Init                            0x08000701   Thumb Code   446  stm32f1xx_hal_gpio.o(i.HAL_GPIO_Init)
    HAL_GPIO_ReadPin                         0x080008e1   Thumb Code    10  stm32f1xx_hal_gpio.o(i.HAL_GPIO_ReadPin)
    HAL_GPIO_WritePin                        0x080008eb   Thumb Code    10  stm32f1xx_hal_gpio.o(i.HAL_GPIO_WritePin)
    HAL_GetTick                              0x080008f5   Thumb Code     6  stm32f1xx_hal.o(i.HAL_GetTick)
    HAL_I2C_Init                             0x08000901   Thumb Code   376  stm32f1xx_hal_i2c.o(i.HAL_I2C_Init)
    HAL_I2C_Master_Transmit                  0x08000a89   Thumb Code   290  stm32f1xx_hal_i2c.o(i.HAL_I2C_Master_Transmit)
    HAL_I2C_Mem_Write                        0x08000bb5   Thumb Code   294  stm32f1xx_hal_i2c.o(i.HAL_I2C_Mem_Write)
    HAL_I2C_MspInit                          0x08000ce5   Thumb Code   134  i2c.o(i.HAL_I2C_MspInit)
    HAL_IncTick                              0x08000d7d   Thumb Code    12  stm32f1xx_hal.o(i.HAL_IncTick)
    HAL_Init                                 0x08000d8d   Thumb Code    32  stm32f1xx_hal.o(i.HAL_Init)
    HAL_InitTick                             0x08000db1   Thumb Code   132  stm32f1xx_hal_timebase_tim.o(i.HAL_InitTick)
    HAL_MspInit                              0x08000e49   Thumb Code    62  stm32f1xx_hal_msp.o(i.HAL_MspInit)
    HAL_NVIC_EnableIRQ                       0x08000e91   Thumb Code    26  stm32f1xx_hal_cortex.o(i.HAL_NVIC_EnableIRQ)
    HAL_NVIC_SetPriority                     0x08000ead   Thumb Code    60  stm32f1xx_hal_cortex.o(i.HAL_NVIC_SetPriority)
    HAL_NVIC_SetPriorityGrouping             0x08000eed   Thumb Code    26  stm32f1xx_hal_cortex.o(i.HAL_NVIC_SetPriorityGrouping)
    HAL_RCC_ClockConfig                      0x08000f11   Thumb Code   280  stm32f1xx_hal_rcc.o(i.HAL_RCC_ClockConfig)
    HAL_RCC_GetClockConfig                   0x0800103d   Thumb Code    54  stm32f1xx_hal_rcc.o(i.HAL_RCC_GetClockConfig)
    HAL_RCC_GetPCLK1Freq                     0x0800107d   Thumb Code    20  stm32f1xx_hal_rcc.o(i.HAL_RCC_GetPCLK1Freq)
    HAL_RCC_GetSysClockFreq                  0x0800109d   Thumb Code    58  stm32f1xx_hal_rcc.o(i.HAL_RCC_GetSysClockFreq)
    HAL_RCC_OscConfig                        0x080010e9   Thumb Code   778  stm32f1xx_hal_rcc.o(i.HAL_RCC_OscConfig)
    HAL_TIMEx_BreakCallback                  0x08001409   Thumb Code     2  stm32f1xx_hal_tim_ex.o(i.HAL_TIMEx_BreakCallback)
    HAL_TIMEx_CommutCallback                 0x0800140b   Thumb Code     2  stm32f1xx_hal_tim_ex.o(i.HAL_TIMEx_CommutCallback)
    HAL_TIMEx_MasterConfigSynchronization    0x0800140d   Thumb Code    92  stm32f1xx_hal_tim_ex.o(i.HAL_TIMEx_MasterConfigSynchronization)
    HAL_TIM_Base_Init                        0x08001475   Thumb Code    90  stm32f1xx_hal_tim.o(i.HAL_TIM_Base_Init)
    HAL_TIM_Base_MspInit                     0x080014d1   Thumb Code    50  tim.o(i.HAL_TIM_Base_MspInit)
    HAL_TIM_Base_Start_IT                    0x0800150d   Thumb Code    76  stm32f1xx_hal_tim.o(i.HAL_TIM_Base_Start_IT)
    HAL_TIM_Base_Stop_IT                     0x08001565   Thumb Code    48  stm32f1xx_hal_tim.o(i.HAL_TIM_Base_Stop_IT)
    HAL_TIM_ConfigClockSource                0x08001595   Thumb Code   220  stm32f1xx_hal_tim.o(i.HAL_TIM_ConfigClockSource)
    HAL_TIM_Encoder_Init                     0x08001671   Thumb Code   164  stm32f1xx_hal_tim.o(i.HAL_TIM_Encoder_Init)
    HAL_TIM_Encoder_MspInit                  0x08001715   Thumb Code    72  tim.o(i.HAL_TIM_Encoder_MspInit)
    HAL_TIM_Encoder_Start                    0x08001769   Thumb Code   142  stm32f1xx_hal_tim.o(i.HAL_TIM_Encoder_Start)
    HAL_TIM_IC_CaptureCallback               0x080017f7   Thumb Code     2  stm32f1xx_hal_tim.o(i.HAL_TIM_IC_CaptureCallback)
    HAL_TIM_IRQHandler                       0x080017f9   Thumb Code   358  stm32f1xx_hal_tim.o(i.HAL_TIM_IRQHandler)
    HAL_TIM_OC_DelayElapsedCallback          0x0800195f   Thumb Code     2  stm32f1xx_hal_tim.o(i.HAL_TIM_OC_DelayElapsedCallback)
    HAL_TIM_PWM_PulseFinishedCallback        0x08001961   Thumb Code     2  stm32f1xx_hal_tim.o(i.HAL_TIM_PWM_PulseFinishedCallback)
    HAL_TIM_PeriodElapsedCallback            0x08001965   Thumb Code    72  main.o(i.HAL_TIM_PeriodElapsedCallback)
    HAL_TIM_TriggerCallback                  0x080019b9   Thumb Code     2  stm32f1xx_hal_tim.o(i.HAL_TIM_TriggerCallback)
    HardFault_Handler                        0x080019bb   Thumb Code     2  stm32f1xx_it.o(i.HardFault_Handler)
    Knob_Init                                0x08001d2b   Thumb Code    12  knob.o(i.Knob_Init)
    Knob_Start                               0x08001d39   Thumb Code     8  knob.o(i.Knob_Start)
    KonbCallback                             0x08001d45   Thumb Code    42  freertos.o(i.KonbCallback)
    MX_FREERTOS_Init                         0x08001d75   Thumb Code   156  freertos.o(i.MX_FREERTOS_Init)
    MX_GPIO_Init                             0x08001e3d   Thumb Code   258  gpio.o(i.MX_GPIO_Init)
    MX_I2C1_Init                             0x08001f55   Thumb Code    50  i2c.o(i.MX_I2C1_Init)
    MX_I2C2_Init                             0x08001f95   Thumb Code    50  i2c.o(i.MX_I2C2_Init)
    MX_TIM1_Init                             0x08001fd5   Thumb Code    96  tim.o(i.MX_TIM1_Init)
    MX_TIM3_Init                             0x0800203d   Thumb Code    98  tim.o(i.MX_TIM3_Init)
    MemManage_Handler                        0x080020a9   Thumb Code     2  stm32f1xx_it.o(i.MemManage_Handler)
    Menu_Init                                0x080020ad   Thumb Code    64  singal.o(i.Menu_Init)
    NMI_Handler                              0x08002121   Thumb Code     2  stm32f1xx_it.o(i.NMI_Handler)
    OLED_Clear                               0x08002123   Thumb Code    38  oled.o(i.OLED_Clear)
    OLED_Init                                0x08002149   Thumb Code   154  oled.o(i.OLED_Init)
    OLED_Pow                                 0x080021e3   Thumb Code    14  oled.o(i.OLED_Pow)
    OLED_Reverse_ShowChar                    0x080021f1   Thumb Code    98  oled.o(i.OLED_Reverse_ShowChar)
    OLED_Reverse_ShowString                  0x08002259   Thumb Code    38  oled.o(i.OLED_Reverse_ShowString)
    OLED_Reverse_WriteData                   0x08002281   Thumb Code    40  oled.o(i.OLED_Reverse_WriteData)
    OLED_SetCursor                           0x080022ad   Thumb Code    34  oled.o(i.OLED_SetCursor)
    OLED_ShowChar                            0x080022d1   Thumb Code    98  oled.o(i.OLED_ShowChar)
    OLED_ShowNum                             0x08002339   Thumb Code    66  oled.o(i.OLED_ShowNum)
    OLED_ShowString                          0x0800237b   Thumb Code    38  oled.o(i.OLED_ShowString)
    OLED_WriteCommand                        0x080023a1   Thumb Code    30  oled.o(i.OLED_WriteCommand)
    OLED_WriteData                           0x080023c5   Thumb Code    30  oled.o(i.OLED_WriteData)
    RAMP_Init                                0x080023e9   Thumb Code    88  singal.o(i.RAMP_Init)
    SQUARE_Init                              0x08002475   Thumb Code    88  singal.o(i.SQUARE_Init)
    Sin_Init                                 0x08002501   Thumb Code    70  singal.o(i.Sin_Init)
    StartConsoleTask                         0x08002569   Thumb Code   210  freertos.o(i.StartConsoleTask)
    StartMenuTask                            0x08002645   Thumb Code   400  freertos.o(i.StartMenuTask)
    StartRampTask                            0x080027dd   Thumb Code   438  freertos.o(i.StartRampTask)
    StartSinTask                             0x080029a5   Thumb Code   414  freertos.o(i.StartSinTask)
    StartSquareTask                          0x08002b55   Thumb Code   446  freertos.o(i.StartSquareTask)
    StartTrapezoidTask                       0x08002d25   Thumb Code   458  freertos.o(i.StartTrapezoidTask)
    StartTriangleTask                        0x08002f01   Thumb Code   448  freertos.o(i.StartTriangleTask)
    SysTick_Handler                          0x080030d1   Thumb Code    38  port.o(i.SysTick_Handler)
    SystemClock_Config                       0x080030fd   Thumb Code    94  main.o(i.SystemClock_Config)
    SystemInit                               0x0800315b   Thumb Code     2  system_stm32f1xx.o(i.SystemInit)
    TIM1_UP_IRQHandler                       0x0800315d   Thumb Code     6  stm32f1xx_it.o(i.TIM1_UP_IRQHandler)
    TIM4_IRQHandler                          0x08003169   Thumb Code     6  stm32f1xx_it.o(i.TIM4_IRQHandler)
    TIM_Base_SetConfig                       0x08003175   Thumb Code    94  stm32f1xx_hal_tim.o(i.TIM_Base_SetConfig)
    TIM_CCxChannelCmd                        0x080031e1   Thumb Code    26  stm32f1xx_hal_tim.o(i.TIM_CCxChannelCmd)
    TIM_ETR_SetConfig                        0x080031fb   Thumb Code    20  stm32f1xx_hal_tim.o(i.TIM_ETR_SetConfig)
    TRA_Init                                 0x08003265   Thumb Code   122  singal.o(i.TRA_Init)
    TRI_Init                                 0x08003329   Thumb Code   104  singal.o(i.TRI_Init)
    Ui_Display                               0x080033e5   Thumb Code   198  ui.o(i.Ui_Display)
    UsageFault_Handler                       0x080034bd   Thumb Code     2  stm32f1xx_it.o(i.UsageFault_Handler)
    __ARM_fpclassify                         0x080034bf   Thumb Code    40  fpclassify.o(i.__ARM_fpclassify)
    __ieee754_rem_pio2                       0x08003509   Thumb Code   828  rred.o(i.__ieee754_rem_pio2)
    __kernel_cos                             0x08003891   Thumb Code   230  cos_i.o(i.__kernel_cos)
    __kernel_poly                            0x0800398d   Thumb Code   170  poly.o(i.__kernel_poly)
    __kernel_sin                             0x08003a39   Thumb Code   224  sin_i.o(i.__kernel_sin)
    __mathlib_dbl_infnan                     0x08003b25   Thumb Code     6  dunder.o(i.__mathlib_dbl_infnan)
    __mathlib_dbl_invalid                    0x08003b2b   Thumb Code    12  dunder.o(i.__mathlib_dbl_invalid)
    __mathlib_dbl_underflow                  0x08003b39   Thumb Code    10  dunder.o(i.__mathlib_dbl_underflow)
    generate_Dwave                           0x08003b49   Thumb Code   144  wave.o(i.generate_Dwave)
    generate_Sin_Twave                       0x08003be1   Thumb Code    62  wave.o(i.generate_Sin_Twave)
    generate_Twave                           0x08003c29   Thumb Code   152  wave.o(i.generate_Twave)
    main                                     0x08003cc1   Thumb Code    42  main.o(i.main)
    osDelay                                  0x08003ced   Thumb Code    46  cmsis_os2.o(i.osDelay)
    osEventFlagsClear                        0x08003d21   Thumb Code    82  cmsis_os2.o(i.osEventFlagsClear)
    osEventFlagsGet                          0x08003d79   Thumb Code    42  cmsis_os2.o(i.osEventFlagsGet)
    osEventFlagsNew                          0x08003da9   Thumb Code    64  cmsis_os2.o(i.osEventFlagsNew)
    osEventFlagsSet                          0x08003ded   Thumb Code    98  cmsis_os2.o(i.osEventFlagsSet)
    osEventFlagsWait                         0x08003e59   Thumb Code   118  cmsis_os2.o(i.osEventFlagsWait)
    osKernelInitialize                       0x08003ed5   Thumb Code    50  cmsis_os2.o(i.osKernelInitialize)
    osKernelStart                            0x08003f0d   Thumb Code    58  cmsis_os2.o(i.osKernelStart)
    osThreadNew                              0x08003f4d   Thumb Code   160  cmsis_os2.o(i.osThreadNew)
    osTimerNew                               0x08003ff1   Thumb Code   124  cmsis_os2.o(i.osTimerNew)
    osTimerStart                             0x08004075   Thumb Code    70  cmsis_os2.o(i.osTimerStart)
    pvPortMalloc                             0x0800485d   Thumb Code   210  heap_4.o(i.pvPortMalloc)
    pvTimerGetTimerID                        0x08004935   Thumb Code    36  timers.o(i.pvTimerGetTimerID)
    pxPortInitialiseStack                    0x08004959   Thumb Code    32  port.o(i.pxPortInitialiseStack)
    sin                                      0x0800497d   Thumb Code   150  sin.o(i.sin)
    uxListRemove                             0x08004a1d   Thumb Code    38  list.o(i.uxListRemove)
    uxTaskResetEventItemValue                0x08004a45   Thumb Code    20  tasks.o(i.uxTaskResetEventItemValue)
    vApplicationGetIdleTaskMemory            0x08004a5d   Thumb Code    16  cmsis_os2.o(i.vApplicationGetIdleTaskMemory)
    vApplicationGetTimerTaskMemory           0x08004a71   Thumb Code    18  cmsis_os2.o(i.vApplicationGetTimerTaskMemory)
    vEventGroupClearBitsCallback             0x08004a89   Thumb Code     4  event_groups.o(i.vEventGroupClearBitsCallback)
    vEventGroupSetBitsCallback               0x08004a8d   Thumb Code     4  event_groups.o(i.vEventGroupSetBitsCallback)
    vListInitialise                          0x08004a91   Thumb Code    22  list.o(i.vListInitialise)
    vListInitialiseItem                      0x08004aa7   Thumb Code     6  list.o(i.vListInitialiseItem)
    vListInsert                              0x08004aad   Thumb Code    48  list.o(i.vListInsert)
    vListInsertEnd                           0x08004add   Thumb Code    24  list.o(i.vListInsertEnd)
    vPortEnterCritical                       0x08004af5   Thumb Code    54  port.o(i.vPortEnterCritical)
    vPortExitCritical                        0x08004b35   Thumb Code    34  port.o(i.vPortExitCritical)
    vPortFree                                0x08004b5d   Thumb Code    88  heap_4.o(i.vPortFree)
    vPortSetupTimerInterrupt                 0x08004bb9   Thumb Code    32  port.o(i.vPortSetupTimerInterrupt)
    vPortValidateInterruptPriority           0x08004bdd   Thumb Code    74  port.o(i.vPortValidateInterruptPriority)
    vQueueAddToRegistry                      0x08004c31   Thumb Code    34  queue.o(i.vQueueAddToRegistry)
    vQueueWaitForMessageRestricted           0x08004c59   Thumb Code    68  queue.o(i.vQueueWaitForMessageRestricted)
    vTaskDelay                               0x08004c9d   Thumb Code    66  tasks.o(i.vTaskDelay)
    vTaskInternalSetTimeOutState             0x08004ce9   Thumb Code    12  tasks.o(i.vTaskInternalSetTimeOutState)
    vTaskMissedYield                         0x08004cf9   Thumb Code     8  tasks.o(i.vTaskMissedYield)
    vTaskPlaceOnEventList                    0x08004d05   Thumb Code    44  tasks.o(i.vTaskPlaceOnEventList)
    vTaskPlaceOnEventListRestricted          0x08004d35   Thumb Code    52  tasks.o(i.vTaskPlaceOnEventListRestricted)
    vTaskPlaceOnUnorderedEventList           0x08004d6d   Thumb Code    76  tasks.o(i.vTaskPlaceOnUnorderedEventList)
    vTaskRemoveFromUnorderedEventList        0x08004dbd   Thumb Code   102  tasks.o(i.vTaskRemoveFromUnorderedEventList)
    vTaskStartScheduler                      0x08004e2d   Thumb Code   118  tasks.o(i.vTaskStartScheduler)
    vTaskSuspendAll                          0x08004eb5   Thumb Code    10  tasks.o(i.vTaskSuspendAll)
    vTaskSwitchContext                       0x08004ec5   Thumb Code    90  tasks.o(i.vTaskSwitchContext)
    xEventGroupClearBits                     0x08004f29   Thumb Code    64  event_groups.o(i.xEventGroupClearBits)
    xEventGroupClearBitsFromISR              0x08004f69   Thumb Code    12  event_groups.o(i.xEventGroupClearBitsFromISR)
    xEventGroupCreate                        0x08004f79   Thumb Code    28  event_groups.o(i.xEventGroupCreate)
    xEventGroupCreateStatic                  0x08004f95   Thumb Code    44  event_groups.o(i.xEventGroupCreateStatic)
    xEventGroupGetBitsFromISR                0x08004fc1   Thumb Code    26  event_groups.o(i.xEventGroupGetBitsFromISR)
    xEventGroupSetBits                       0x08004fdb   Thumb Code   140  event_groups.o(i.xEventGroupSetBits)
    xEventGroupSetBitsFromISR                0x08005069   Thumb Code    12  event_groups.o(i.xEventGroupSetBitsFromISR)
    xEventGroupWaitBits                      0x08005079   Thumb Code   260  event_groups.o(i.xEventGroupWaitBits)
    xPortStartScheduler                      0x08005181   Thumb Code   154  port.o(i.xPortStartScheduler)
    xQueueGenericCreateStatic                0x08005229   Thumb Code   102  queue.o(i.xQueueGenericCreateStatic)
    xQueueGenericReset                       0x08005291   Thumb Code   132  queue.o(i.xQueueGenericReset)
    xQueueGenericSend                        0x08005319   Thumb Code   346  queue.o(i.xQueueGenericSend)
    xQueueGenericSendFromISR                 0x08005479   Thumb Code   188  queue.o(i.xQueueGenericSendFromISR)
    xQueueReceive                            0x08005535   Thumb Code   308  queue.o(i.xQueueReceive)
    xTaskCheckForTimeOut                     0x0800566d   Thumb Code   112  tasks.o(i.xTaskCheckForTimeOut)
    xTaskCreate                              0x080056e1   Thumb Code    90  tasks.o(i.xTaskCreate)
    xTaskCreateStatic                        0x0800573b   Thumb Code    86  tasks.o(i.xTaskCreateStatic)
    xTaskGetSchedulerState                   0x08005791   Thumb Code    22  tasks.o(i.xTaskGetSchedulerState)
    xTaskGetTickCount                        0x080057ad   Thumb Code     6  tasks.o(i.xTaskGetTickCount)
    xTaskIncrementTick                       0x080057b9   Thumb Code   190  tasks.o(i.xTaskIncrementTick)
    xTaskPriorityDisinherit                  0x08005881   Thumb Code   118  tasks.o(i.xTaskPriorityDisinherit)
    xTaskRemoveFromEventList                 0x08005901   Thumb Code    98  tasks.o(i.xTaskRemoveFromEventList)
    xTaskResumeAll                           0x08005971   Thumb Code   182  tasks.o(i.xTaskResumeAll)
    xTimerCreate                             0x08005a35   Thumb Code    52  timers.o(i.xTimerCreate)
    xTimerCreateStatic                       0x08005a69   Thumb Code    46  timers.o(i.xTimerCreateStatic)
    xTimerCreateTimerTask                    0x08005a99   Thumb Code    78  timers.o(i.xTimerCreateTimerTask)
    xTimerGenericCommand                     0x08005af9   Thumb Code    98  timers.o(i.xTimerGenericCommand)
    xTimerPendFunctionCallFromISR            0x08005b61   Thumb Code    34  timers.o(i.xTimerPendFunctionCallFromISR)
    __aeabi_d2f                              0x08005b89   Thumb Code     0  d2f.o(x$fpl$d2f)
    _d2f                                     0x08005b89   Thumb Code    98  d2f.o(x$fpl$d2f)
    __aeabi_dadd                             0x08005bed   Thumb Code     0  daddsub_clz.o(x$fpl$dadd)
    _dadd                                    0x08005bed   Thumb Code   332  daddsub_clz.o(x$fpl$dadd)
    __fpl_dcheck_NaN1                        0x08005d3d   Thumb Code    10  dcheck1.o(x$fpl$dcheck1)
    __aeabi_ddiv                             0x08005d4d   Thumb Code     0  ddiv.o(x$fpl$ddiv)
    _ddiv                                    0x08005d4d   Thumb Code   552  ddiv.o(x$fpl$ddiv)
    __aeabi_d2iz                             0x08005ffd   Thumb Code     0  dfix.o(x$fpl$dfix)
    _dfix                                    0x08005ffd   Thumb Code    94  dfix.o(x$fpl$dfix)
    __aeabi_i2d                              0x0800605b   Thumb Code     0  dflt_clz.o(x$fpl$dflt)
    _dflt                                    0x0800605b   Thumb Code    46  dflt_clz.o(x$fpl$dflt)
    __aeabi_ui2d                             0x08006089   Thumb Code     0  dflt_clz.o(x$fpl$dfltu)
    _dfltu                                   0x08006089   Thumb Code    38  dflt_clz.o(x$fpl$dfltu)
    __aeabi_dmul                             0x080060b1   Thumb Code     0  dmul.o(x$fpl$dmul)
    _dmul                                    0x080060b1   Thumb Code   332  dmul.o(x$fpl$dmul)
    __fpl_dnaninf                            0x08006205   Thumb Code   156  dnaninf.o(x$fpl$dnaninf)
    __fpl_dretinf                            0x080062a1   Thumb Code    12  dretinf.o(x$fpl$dretinf)
    __aeabi_drsub                            0x080062ad   Thumb Code     0  daddsub_clz.o(x$fpl$drsb)
    _drsb                                    0x080062ad   Thumb Code    22  daddsub_clz.o(x$fpl$drsb)
    __aeabi_dsub                             0x080062c5   Thumb Code     0  daddsub_clz.o(x$fpl$dsub)
    _dsub                                    0x080062c5   Thumb Code   464  daddsub_clz.o(x$fpl$dsub)
    __aeabi_f2d                              0x08006499   Thumb Code     0  f2d.o(x$fpl$f2d)
    _f2d                                     0x08006499   Thumb Code    86  f2d.o(x$fpl$f2d)
    __aeabi_fadd                             0x080064f1   Thumb Code     0  faddsub_clz.o(x$fpl$fadd)
    _fadd                                    0x080064f1   Thumb Code   196  faddsub_clz.o(x$fpl$fadd)
    __fpl_fcheck_NaN1                        0x080065b5   Thumb Code     6  fcheck1.o(x$fpl$fcheck1)
    __aeabi_fdiv                             0x080065c1   Thumb Code     0  fdiv.o(x$fpl$fdiv)
    _fdiv                                    0x080065c1   Thumb Code   384  fdiv.o(x$fpl$fdiv)
    __aeabi_f2uiz                            0x08006745   Thumb Code     0  ffixu.o(x$fpl$ffixu)
    _ffixu                                   0x08006745   Thumb Code    62  ffixu.o(x$fpl$ffixu)
    __aeabi_ui2f                             0x08006785   Thumb Code     0  fflt_clz.o(x$fpl$ffltu)
    _ffltu                                   0x08006785   Thumb Code    38  fflt_clz.o(x$fpl$ffltu)
    __aeabi_fmul                             0x080067ad   Thumb Code     0  fmul.o(x$fpl$fmul)
    _fmul                                    0x080067ad   Thumb Code   258  fmul.o(x$fpl$fmul)
    __fpl_fnaninf                            0x080068af   Thumb Code   140  fnaninf.o(x$fpl$fnaninf)
    __fpl_fretinf                            0x0800693b   Thumb Code    10  fretinf.o(x$fpl$fretinf)
    __aeabi_frsub                            0x08006945   Thumb Code     0  faddsub_clz.o(x$fpl$frsb)
    _frsb                                    0x08006945   Thumb Code    20  faddsub_clz.o(x$fpl$frsb)
    __aeabi_fsub                             0x08006959   Thumb Code     0  faddsub_clz.o(x$fpl$fsub)
    _fsub                                    0x08006959   Thumb Code   234  faddsub_clz.o(x$fpl$fsub)
    __fpl_return_NaN                         0x08006a43   Thumb Code   100  retnan.o(x$fpl$retnan)
    __ARM_scalbn                             0x08006aa7   Thumb Code    92  scalbn.o(x$fpl$scalbn)
    __ARM_scalbnf                            0x08006b03   Thumb Code    76  scalbnf.o(x$fpl$scalbnf)
    __fpl_cmpreturn                          0x08006b4f   Thumb Code    48  trapv.o(x$fpl$trapveneer)
    OLED_F8x16                               0x08006b7e   Data        1520  oled.o(.constdata)
    __I$use$fp                               0x08006b7e   Number         0  usenofp.o(x$fpl$usenofp)
    GBK                                      0x0800716e   Data         192  oled.o(.constdata)
    Picture                                  0x0800722e   Data        2048  oled.o(.constdata)
    ConsoleTask_attributes                   0x08007a30   Data          36  freertos.o(.constdata)
    SinTask_attributes                       0x08007a54   Data          36  freertos.o(.constdata)
    MenuTask_attributes                      0x08007a78   Data          36  freertos.o(.constdata)
    SquareTask_attributes                    0x08007a9c   Data          36  freertos.o(.constdata)
    RampTask_attributes                      0x08007ac0   Data          36  freertos.o(.constdata)
    TriangleTask_attributes                  0x08007ae4   Data          36  freertos.o(.constdata)
    TrapezoidTask_attributes                 0x08007b08   Data          36  freertos.o(.constdata)
    KonbTimer_attributes                     0x08007b2c   Data          16  freertos.o(.constdata)
    ConsoleEvent_attributes                  0x08007b3c   Data          16  freertos.o(.constdata)
    OperateEvent_attributes                  0x08007b4c   Data          16  freertos.o(.constdata)
    AHBPrescTable                            0x08007b6e   Data          16  system_stm32f1xx.o(.constdata)
    APBPrescTable                            0x08007b7e   Data           8  system_stm32f1xx.o(.constdata)
    Region$$Table$$Base                      0x08007d2c   Number         0  anon$$obj.o(Region$$Table)
    Region$$Table$$Limit                     0x08007d4c   Number         0  anon$$obj.o(Region$$Table)
    ui_jump                                  0x20000000   Data           1  freertos.o(.data)
    menu_pointer                             0x20000001   Data           1  freertos.o(.data)
    now_ui_pointer                           0x20000004   Data           4  freertos.o(.data)
    ConsoleTaskHandle                        0x20000008   Data           4  freertos.o(.data)
    SinTaskHandle                            0x2000000c   Data           4  freertos.o(.data)
    MenuTaskHandle                           0x20000010   Data           4  freertos.o(.data)
    SquareTaskHandle                         0x20000014   Data           4  freertos.o(.data)
    RampTaskHandle                           0x20000018   Data           4  freertos.o(.data)
    TriangleTaskHandle                       0x2000001c   Data           4  freertos.o(.data)
    TrapezoidTaskHandle                      0x20000020   Data           4  freertos.o(.data)
    KonbTimerHandle                          0x20000024   Data           4  freertos.o(.data)
    ConsoleEventHandle                       0x20000028   Data           4  freertos.o(.data)
    OperateEventHandle                       0x2000002c   Data           4  freertos.o(.data)
    knob1                                    0x20000030   Data           8  freertos.o(.data)
    uwTickFreq                               0x20000038   Data           1  stm32f1xx_hal.o(.data)
    uwTickPrio                               0x2000003c   Data           4  stm32f1xx_hal.o(.data)
    uwTick                                   0x20000040   Data           4  stm32f1xx_hal.o(.data)
    SystemCoreClock                          0x20000044   Data           4  system_stm32f1xx.o(.data)
    pxCurrentTCB                             0x20000048   Data           4  tasks.o(.data)
    hdac1                                    0x200000c0   Data          12  main.o(.bss)
    wave_table                               0x200000cc   Data         200  main.o(.bss)
    ori_table                                0x20000194   Data         400  freertos.o(.bss)
    hi2c1                                    0x20000324   Data          84  i2c.o(.bss)
    hi2c2                                    0x20000378   Data          84  i2c.o(.bss)
    htim1                                    0x200003cc   Data          72  tim.o(.bss)
    htim3                                    0x20000414   Data          72  tim.o(.bss)
    htim4                                    0x2000045c   Data          72  stm32f1xx_hal_timebase_tim.o(.bss)
    xQueueRegistry                           0x200004a4   Data          64  queue.o(.bss)
    __libspace_start                         0x20003978   Data          96  libspace.o(.bss)
    __temporary_stack_top$libspace           0x200039d8   Data           0  libspace.o(.bss)



==============================================================================

Memory Map of the image

  Image Entry point : 0x080000ed

  Load Region LR_IROM1 (Base: 0x08000000, Size: 0x00007e0c, Max: 0x00010000, ABSOLUTE)

    Execution Region ER_IROM1 (Exec base: 0x08000000, Load base: 0x08000000, Size: 0x00007d4c, Max: 0x00010000, ABSOLUTE)

    Exec Addr    Load Addr    Size         Type   Attr      Idx    E Section Name        Object

    0x08000000   0x08000000   0x000000ec   Data   RO            3    RESET               startup_stm32f103xb.o
    0x080000ec   0x080000ec   0x00000008   Code   RO         5053  * !!!main             c_w.l(__main.o)
    0x080000f4   0x080000f4   0x00000034   Code   RO         5332    !!!scatter          c_w.l(__scatter.o)
    0x08000128   0x08000128   0x0000001a   Code   RO         5334    !!handler_copy      c_w.l(__scatter_copy.o)
    0x08000142   0x08000142   0x00000002   PAD
    0x08000144   0x08000144   0x0000001c   Code   RO         5336    !!handler_zi        c_w.l(__scatter_zi.o)
    0x08000160   0x08000160   0x00000002   Code   RO         5199    .ARM.Collect$$libinit$$00000000  c_w.l(libinit.o)
    0x08000162   0x08000162   0x00000000   Code   RO         5207    .ARM.Collect$$libinit$$00000002  c_w.l(libinit2.o)
    0x08000162   0x08000162   0x00000000   Code   RO         5209    .ARM.Collect$$libinit$$00000004  c_w.l(libinit2.o)
    0x08000162   0x08000162   0x00000000   Code   RO         5212    .ARM.Collect$$libinit$$0000000A  c_w.l(libinit2.o)
    0x08000162   0x08000162   0x00000000   Code   RO         5214    .ARM.Collect$$libinit$$0000000C  c_w.l(libinit2.o)
    0x08000162   0x08000162   0x00000000   Code   RO         5216    .ARM.Collect$$libinit$$0000000E  c_w.l(libinit2.o)
    0x08000162   0x08000162   0x00000000   Code   RO         5219    .ARM.Collect$$libinit$$00000011  c_w.l(libinit2.o)
    0x08000162   0x08000162   0x00000000   Code   RO         5221    .ARM.Collect$$libinit$$00000013  c_w.l(libinit2.o)
    0x08000162   0x08000162   0x00000000   Code   RO         5223    .ARM.Collect$$libinit$$00000015  c_w.l(libinit2.o)
    0x08000162   0x08000162   0x00000000   Code   RO         5225    .ARM.Collect$$libinit$$00000017  c_w.l(libinit2.o)
    0x08000162   0x08000162   0x00000000   Code   RO         5227    .ARM.Collect$$libinit$$00000019  c_w.l(libinit2.o)
    0x08000162   0x08000162   0x00000000   Code   RO         5229    .ARM.Collect$$libinit$$0000001B  c_w.l(libinit2.o)
    0x08000162   0x08000162   0x00000000   Code   RO         5231    .ARM.Collect$$libinit$$0000001D  c_w.l(libinit2.o)
    0x08000162   0x08000162   0x00000000   Code   RO         5233    .ARM.Collect$$libinit$$0000001F  c_w.l(libinit2.o)
    0x08000162   0x08000162   0x00000000   Code   RO         5235    .ARM.Collect$$libinit$$00000021  c_w.l(libinit2.o)
    0x08000162   0x08000162   0x00000000   Code   RO         5237    .ARM.Collect$$libinit$$00000023  c_w.l(libinit2.o)
    0x08000162   0x08000162   0x00000000   Code   RO         5239    .ARM.Collect$$libinit$$00000025  c_w.l(libinit2.o)
    0x08000162   0x08000162   0x00000000   Code   RO         5243    .ARM.Collect$$libinit$$0000002C  c_w.l(libinit2.o)
    0x08000162   0x08000162   0x00000000   Code   RO         5245    .ARM.Collect$$libinit$$0000002E  c_w.l(libinit2.o)
    0x08000162   0x08000162   0x00000000   Code   RO         5247    .ARM.Collect$$libinit$$00000030  c_w.l(libinit2.o)
    0x08000162   0x08000162   0x00000000   Code   RO         5249    .ARM.Collect$$libinit$$00000032  c_w.l(libinit2.o)
    0x08000162   0x08000162   0x00000002   Code   RO         5250    .ARM.Collect$$libinit$$00000033  c_w.l(libinit2.o)
    0x08000164   0x08000164   0x00000002   Code   RO         5270    .ARM.Collect$$libshutdown$$00000000  c_w.l(libshutdown.o)
    0x08000166   0x08000166   0x00000000   Code   RO         5283    .ARM.Collect$$libshutdown$$00000002  c_w.l(libshutdown2.o)
    0x08000166   0x08000166   0x00000000   Code   RO         5285    .ARM.Collect$$libshutdown$$00000004  c_w.l(libshutdown2.o)
    0x08000166   0x08000166   0x00000000   Code   RO         5287    .ARM.Collect$$libshutdown$$00000006  c_w.l(libshutdown2.o)
    0x08000166   0x08000166   0x00000000   Code   RO         5290    .ARM.Collect$$libshutdown$$00000009  c_w.l(libshutdown2.o)
    0x08000166   0x08000166   0x00000000   Code   RO         5293    .ARM.Collect$$libshutdown$$0000000C  c_w.l(libshutdown2.o)
    0x08000166   0x08000166   0x00000000   Code   RO         5295    .ARM.Collect$$libshutdown$$0000000E  c_w.l(libshutdown2.o)
    0x08000166   0x08000166   0x00000000   Code   RO         5298    .ARM.Collect$$libshutdown$$00000011  c_w.l(libshutdown2.o)
    0x08000166   0x08000166   0x00000002   Code   RO         5299    .ARM.Collect$$libshutdown$$00000012  c_w.l(libshutdown2.o)
    0x08000168   0x08000168   0x00000000   Code   RO         5101    .ARM.Collect$$rtentry$$00000000  c_w.l(__rtentry.o)
    0x08000168   0x08000168   0x00000000   Code   RO         5148    .ARM.Collect$$rtentry$$00000002  c_w.l(__rtentry2.o)
    0x08000168   0x08000168   0x00000006   Code   RO         5160    .ARM.Collect$$rtentry$$00000004  c_w.l(__rtentry4.o)
    0x0800016e   0x0800016e   0x00000000   Code   RO         5150    .ARM.Collect$$rtentry$$00000009  c_w.l(__rtentry2.o)
    0x0800016e   0x0800016e   0x00000004   Code   RO         5151    .ARM.Collect$$rtentry$$0000000A  c_w.l(__rtentry2.o)
    0x08000172   0x08000172   0x00000000   Code   RO         5153    .ARM.Collect$$rtentry$$0000000C  c_w.l(__rtentry2.o)
    0x08000172   0x08000172   0x00000008   Code   RO         5154    .ARM.Collect$$rtentry$$0000000D  c_w.l(__rtentry2.o)
    0x0800017a   0x0800017a   0x00000002   Code   RO         5204    .ARM.Collect$$rtexit$$00000000  c_w.l(rtexit.o)
    0x0800017c   0x0800017c   0x00000000   Code   RO         5252    .ARM.Collect$$rtexit$$00000002  c_w.l(rtexit2.o)
    0x0800017c   0x0800017c   0x00000004   Code   RO         5253    .ARM.Collect$$rtexit$$00000003  c_w.l(rtexit2.o)
    0x08000180   0x08000180   0x00000006   Code   RO         5254    .ARM.Collect$$rtexit$$00000004  c_w.l(rtexit2.o)
    0x08000186   0x08000186   0x00000002   PAD
    0x08000188   0x08000188   0x00000096   Code   RO         4962    .emb_text           port.o
    0x0800021e   0x0800021e   0x00000002   PAD
    0x08000220   0x08000220   0x00000040   Code   RO            4    .text               startup_stm32f103xb.o
    0x08000260   0x08000260   0x0000008a   Code   RO         5043    .text               c_w.l(rt_memcpy_v6.o)
    0x080002ea   0x080002ea   0x00000010   Code   RO         5047    .text               c_w.l(aeabi_memset.o)
    0x080002fa   0x080002fa   0x0000004e   Code   RO         5049    .text               c_w.l(rt_memclr_w.o)
    0x08000348   0x08000348   0x00000006   Code   RO         5051    .text               c_w.l(heapauxi.o)
    0x0800034e   0x0800034e   0x00000016   Code   RO         5102    .text               c_w.l(_rserrno.o)
    0x08000364   0x08000364   0x00000064   Code   RO         5104    .text               c_w.l(rt_memcpy_w.o)
    0x080003c8   0x080003c8   0x00000044   Code   RO         5106    .text               c_w.l(rt_memclr.o)
    0x0800040c   0x0800040c   0x00000008   Code   RO         5165    .text               c_w.l(rt_errno_addr_intlibspace.o)
    0x08000414   0x08000414   0x00000008   Code   RO         5187    .text               c_w.l(libspace.o)
    0x0800041c   0x0800041c   0x0000004a   Code   RO         5190    .text               c_w.l(sys_stackheap_outer.o)
    0x08000466   0x08000466   0x00000012   Code   RO         5192    .text               c_w.l(exit.o)
    0x08000478   0x08000478   0x0000000c   Code   RO         5262    .text               c_w.l(sys_exit.o)
    0x08000484   0x08000484   0x00000002   Code   RO         5273    .text               c_w.l(use_no_semi.o)
    0x08000486   0x08000486   0x00000000   Code   RO         5275    .text               c_w.l(indicate_semi.o)
    0x08000486   0x08000486   0x00000002   PAD
    0x08000488   0x08000488   0x000000d8   Code   RO           10    i.Alter_Para        singal.o
    0x08000560   0x08000560   0x00000002   Code   RO          805    i.BusFault_Handler  stm32f1xx_it.o
    0x08000562   0x08000562   0x00000004   Code   RO          339    i.DAC_Alter_DR      dac.o
    0x08000566   0x08000566   0x00000010   Code   RO          340    i.DAC_Init          dac.o
    0x08000576   0x08000576   0x00000002   PAD
    0x08000578   0x08000578   0x00000074   Code   RO          341    i.DAC_Start         dac.o
    0x080005ec   0x080005ec   0x0000001c   Code   RO          342    i.DAC_Stop          dac.o
    0x08000608   0x08000608   0x0000003c   Code   RO          343    i.DAC_WriteCmd      dac.o
    0x08000644   0x08000644   0x00000002   Code   RO          806    i.DebugMon_Handler  stm32f1xx_it.o
    0x08000646   0x08000646   0x00000006   Code   RO          807    i.EXTI1_IRQHandler  stm32f1xx_it.o
    0x0800064c   0x0800064c   0x00000006   Code   RO          808    i.EXTI2_IRQHandler  stm32f1xx_it.o
    0x08000652   0x08000652   0x00000006   Code   RO          809    i.EXTI3_IRQHandler  stm32f1xx_it.o
    0x08000658   0x08000658   0x00000006   Code   RO          810    i.EXTI4_IRQHandler  stm32f1xx_it.o
    0x0800065e   0x0800065e   0x00000004   Code   RO          496    i.Error_Handler     main.o
    0x08000662   0x08000662   0x00000002   PAD
    0x08000664   0x08000664   0x00000050   Code   RO          451    i.Get_Knob_value    knob.o
    0x080006b4   0x080006b4   0x00000024   Code   RO         1005    i.HAL_Delay         stm32f1xx_hal.o
    0x080006d8   0x080006d8   0x00000010   Code   RO          595    i.HAL_GPIO_EXTI_Callback  freertos.o
    0x080006e8   0x080006e8   0x00000018   Code   RO         1314    i.HAL_GPIO_EXTI_IRQHandler  stm32f1xx_hal_gpio.o
    0x08000700   0x08000700   0x000001e0   Code   RO         1315    i.HAL_GPIO_Init     stm32f1xx_hal_gpio.o
    0x080008e0   0x080008e0   0x0000000a   Code   RO         1317    i.HAL_GPIO_ReadPin  stm32f1xx_hal_gpio.o
    0x080008ea   0x080008ea   0x0000000a   Code   RO         1319    i.HAL_GPIO_WritePin  stm32f1xx_hal_gpio.o
    0x080008f4   0x080008f4   0x0000000c   Code   RO         1009    i.HAL_GetTick       stm32f1xx_hal.o
    0x08000900   0x08000900   0x00000188   Code   RO         1986    i.HAL_I2C_Init      stm32f1xx_hal_i2c.o
    0x08000a88   0x08000a88   0x0000012c   Code   RO         1999    i.HAL_I2C_Master_Transmit  stm32f1xx_hal_i2c.o
    0x08000bb4   0x08000bb4   0x00000130   Code   RO         2007    i.HAL_I2C_Mem_Write  stm32f1xx_hal_i2c.o
    0x08000ce4   0x08000ce4   0x00000098   Code   RO          698    i.HAL_I2C_MspInit   i2c.o
    0x08000d7c   0x08000d7c   0x00000010   Code   RO         1015    i.HAL_IncTick       stm32f1xx_hal.o
    0x08000d8c   0x08000d8c   0x00000024   Code   RO         1016    i.HAL_Init          stm32f1xx_hal.o
    0x08000db0   0x08000db0   0x00000098   Code   RO          923    i.HAL_InitTick      stm32f1xx_hal_timebase_tim.o
    0x08000e48   0x08000e48   0x00000048   Code   RO          899    i.HAL_MspInit       stm32f1xx_hal_msp.o
    0x08000e90   0x08000e90   0x0000001a   Code   RO         1475    i.HAL_NVIC_EnableIRQ  stm32f1xx_hal_cortex.o
    0x08000eaa   0x08000eaa   0x00000002   PAD
    0x08000eac   0x08000eac   0x00000040   Code   RO         1481    i.HAL_NVIC_SetPriority  stm32f1xx_hal_cortex.o
    0x08000eec   0x08000eec   0x00000024   Code   RO         1482    i.HAL_NVIC_SetPriorityGrouping  stm32f1xx_hal_cortex.o
    0x08000f10   0x08000f10   0x0000012c   Code   RO         1173    i.HAL_RCC_ClockConfig  stm32f1xx_hal_rcc.o
    0x0800103c   0x0800103c   0x00000040   Code   RO         1177    i.HAL_RCC_GetClockConfig  stm32f1xx_hal_rcc.o
    0x0800107c   0x0800107c   0x00000020   Code   RO         1180    i.HAL_RCC_GetPCLK1Freq  stm32f1xx_hal_rcc.o
    0x0800109c   0x0800109c   0x0000004c   Code   RO         1182    i.HAL_RCC_GetSysClockFreq  stm32f1xx_hal_rcc.o
    0x080010e8   0x080010e8   0x00000320   Code   RO         1185    i.HAL_RCC_OscConfig  stm32f1xx_hal_rcc.o
    0x08001408   0x08001408   0x00000002   Code   RO         3118    i.HAL_TIMEx_BreakCallback  stm32f1xx_hal_tim_ex.o
    0x0800140a   0x0800140a   0x00000002   Code   RO         3119    i.HAL_TIMEx_CommutCallback  stm32f1xx_hal_tim_ex.o
    0x0800140c   0x0800140c   0x00000068   Code   RO         3137    i.HAL_TIMEx_MasterConfigSynchronization  stm32f1xx_hal_tim_ex.o
    0x08001474   0x08001474   0x0000005a   Code   RO         2414    i.HAL_TIM_Base_Init  stm32f1xx_hal_tim.o
    0x080014ce   0x080014ce   0x00000002   PAD
    0x080014d0   0x080014d0   0x0000003c   Code   RO          746    i.HAL_TIM_Base_MspInit  tim.o
    0x0800150c   0x0800150c   0x00000058   Code   RO         2419    i.HAL_TIM_Base_Start_IT  stm32f1xx_hal_tim.o
    0x08001564   0x08001564   0x00000030   Code   RO         2422    i.HAL_TIM_Base_Stop_IT  stm32f1xx_hal_tim.o
    0x08001594   0x08001594   0x000000dc   Code   RO         2423    i.HAL_TIM_ConfigClockSource  stm32f1xx_hal_tim.o
    0x08001670   0x08001670   0x000000a4   Code   RO         2435    i.HAL_TIM_Encoder_Init  stm32f1xx_hal_tim.o
    0x08001714   0x08001714   0x00000054   Code   RO          748    i.HAL_TIM_Encoder_MspInit  tim.o
    0x08001768   0x08001768   0x0000008e   Code   RO         2438    i.HAL_TIM_Encoder_Start  stm32f1xx_hal_tim.o
    0x080017f6   0x080017f6   0x00000002   Code   RO         2448    i.HAL_TIM_IC_CaptureCallback  stm32f1xx_hal_tim.o
    0x080017f8   0x080017f8   0x00000166   Code   RO         2462    i.HAL_TIM_IRQHandler  stm32f1xx_hal_tim.o
    0x0800195e   0x0800195e   0x00000002   Code   RO         2465    i.HAL_TIM_OC_DelayElapsedCallback  stm32f1xx_hal_tim.o
    0x08001960   0x08001960   0x00000002   Code   RO         2492    i.HAL_TIM_PWM_PulseFinishedCallback  stm32f1xx_hal_tim.o
    0x08001962   0x08001962   0x00000002   PAD
    0x08001964   0x08001964   0x00000054   Code   RO          497    i.HAL_TIM_PeriodElapsedCallback  main.o
    0x080019b8   0x080019b8   0x00000002   Code   RO         2505    i.HAL_TIM_TriggerCallback  stm32f1xx_hal_tim.o
    0x080019ba   0x080019ba   0x00000002   Code   RO          811    i.HardFault_Handler  stm32f1xx_it.o
    0x080019bc   0x080019bc   0x0000002e   Code   RO         2029    i.I2C_IsAcknowledgeFailed  stm32f1xx_hal_i2c.o
    0x080019ea   0x080019ea   0x00000002   PAD
    0x080019ec   0x080019ec   0x0000009c   Code   RO         2033    i.I2C_MasterRequestWrite  stm32f1xx_hal_i2c.o
    0x08001a88   0x08001a88   0x000000a8   Code   RO         2040    i.I2C_RequestMemoryWrite  stm32f1xx_hal_i2c.o
    0x08001b30   0x08001b30   0x00000056   Code   RO         2044    i.I2C_WaitOnBTFFlagUntilTimeout  stm32f1xx_hal_i2c.o
    0x08001b86   0x08001b86   0x00000002   PAD
    0x08001b88   0x08001b88   0x00000090   Code   RO         2045    i.I2C_WaitOnFlagUntilTimeout  stm32f1xx_hal_i2c.o
    0x08001c18   0x08001c18   0x000000bc   Code   RO         2046    i.I2C_WaitOnMasterAddressFlagUntilTimeout  stm32f1xx_hal_i2c.o
    0x08001cd4   0x08001cd4   0x00000056   Code   RO         2048    i.I2C_WaitOnTXEFlagUntilTimeout  stm32f1xx_hal_i2c.o
    0x08001d2a   0x08001d2a   0x0000000c   Code   RO          452    i.Knob_Init         knob.o
    0x08001d36   0x08001d36   0x00000002   PAD
    0x08001d38   0x08001d38   0x0000000c   Code   RO          453    i.Knob_Start        knob.o
    0x08001d44   0x08001d44   0x00000030   Code   RO          596    i.KonbCallback      freertos.o
    0x08001d74   0x08001d74   0x000000c8   Code   RO          597    i.MX_FREERTOS_Init  freertos.o
    0x08001e3c   0x08001e3c   0x00000118   Code   RO          571    i.MX_GPIO_Init      gpio.o
    0x08001f54   0x08001f54   0x00000040   Code   RO          699    i.MX_I2C1_Init      i2c.o
    0x08001f94   0x08001f94   0x00000040   Code   RO          700    i.MX_I2C2_Init      i2c.o
    0x08001fd4   0x08001fd4   0x00000068   Code   RO          749    i.MX_TIM1_Init      tim.o
    0x0800203c   0x0800203c   0x0000006c   Code   RO          750    i.MX_TIM3_Init      tim.o
    0x080020a8   0x080020a8   0x00000002   Code   RO          812    i.MemManage_Handler  stm32f1xx_it.o
    0x080020aa   0x080020aa   0x00000002   PAD
    0x080020ac   0x080020ac   0x00000074   Code   RO           11    i.Menu_Init         singal.o
    0x08002120   0x08002120   0x00000002   Code   RO          813    i.NMI_Handler       stm32f1xx_it.o
    0x08002122   0x08002122   0x00000026   Code   RO           68    i.OLED_Clear        oled.o
    0x08002148   0x08002148   0x0000009a   Code   RO           73    i.OLED_Init         oled.o
    0x080021e2   0x080021e2   0x0000000e   Code   RO           74    i.OLED_Pow          oled.o
    0x080021f0   0x080021f0   0x00000068   Code   RO           75    i.OLED_Reverse_ShowChar  oled.o
    0x08002258   0x08002258   0x00000026   Code   RO           76    i.OLED_Reverse_ShowString  oled.o
    0x0800227e   0x0800227e   0x00000002   PAD
    0x08002280   0x08002280   0x0000002c   Code   RO           77    i.OLED_Reverse_WriteData  oled.o
    0x080022ac   0x080022ac   0x00000022   Code   RO           78    i.OLED_SetCursor    oled.o
    0x080022ce   0x080022ce   0x00000002   PAD
    0x080022d0   0x080022d0   0x00000068   Code   RO           80    i.OLED_ShowChar     oled.o
    0x08002338   0x08002338   0x00000042   Code   RO           83    i.OLED_ShowNum      oled.o
    0x0800237a   0x0800237a   0x00000026   Code   RO           86    i.OLED_ShowString   oled.o
    0x080023a0   0x080023a0   0x00000024   Code   RO           87    i.OLED_WriteCommand  oled.o
    0x080023c4   0x080023c4   0x00000024   Code   RO           88    i.OLED_WriteData    oled.o
    0x080023e8   0x080023e8   0x0000008c   Code   RO           12    i.RAMP_Init         singal.o
    0x08002474   0x08002474   0x0000008c   Code   RO           13    i.SQUARE_Init       singal.o
    0x08002500   0x08002500   0x00000068   Code   RO           14    i.Sin_Init          singal.o
    0x08002568   0x08002568   0x000000dc   Code   RO          598    i.StartConsoleTask  freertos.o
    0x08002644   0x08002644   0x00000198   Code   RO          599    i.StartMenuTask     freertos.o
    0x080027dc   0x080027dc   0x000001c8   Code   RO          600    i.StartRampTask     freertos.o
    0x080029a4   0x080029a4   0x000001b0   Code   RO          601    i.StartSinTask      freertos.o
    0x08002b54   0x08002b54   0x000001d0   Code   RO          602    i.StartSquareTask   freertos.o
    0x08002d24   0x08002d24   0x000001dc   Code   RO          603    i.StartTrapezoidTask  freertos.o
    0x08002f00   0x08002f00   0x000001d0   Code   RO          604    i.StartTriangleTask  freertos.o
    0x080030d0   0x080030d0   0x0000002c   Code   RO         4963    i.SysTick_Handler   port.o
    0x080030fc   0x080030fc   0x0000005e   Code   RO          498    i.SystemClock_Config  main.o
    0x0800315a   0x0800315a   0x00000002   Code   RO         3386    i.SystemInit        system_stm32f1xx.o
    0x0800315c   0x0800315c   0x0000000c   Code   RO          814    i.TIM1_UP_IRQHandler  stm32f1xx_it.o
    0x08003168   0x08003168   0x0000000c   Code   RO          815    i.TIM4_IRQHandler   stm32f1xx_it.o
    0x08003174   0x08003174   0x0000006c   Code   RO         2507    i.TIM_Base_SetConfig  stm32f1xx_hal_tim.o
    0x080031e0   0x080031e0   0x0000001a   Code   RO         2508    i.TIM_CCxChannelCmd  stm32f1xx_hal_tim.o
    0x080031fa   0x080031fa   0x00000014   Code   RO         2518    i.TIM_ETR_SetConfig  stm32f1xx_hal_tim.o
    0x0800320e   0x0800320e   0x00000010   Code   RO         2519    i.TIM_ITRx_SetConfig  stm32f1xx_hal_tim.o
    0x0800321e   0x0800321e   0x00000022   Code   RO         2525    i.TIM_TI1_ConfigInputStage  stm32f1xx_hal_tim.o
    0x08003240   0x08003240   0x00000024   Code   RO         2527    i.TIM_TI2_ConfigInputStage  stm32f1xx_hal_tim.o
    0x08003264   0x08003264   0x000000c4   Code   RO           15    i.TRA_Init          singal.o
    0x08003328   0x08003328   0x000000a4   Code   RO           16    i.TRI_Init          singal.o
    0x080033cc   0x080033cc   0x00000018   Code   RO         4491    i.TimerCallback     cmsis_os2.o
    0x080033e4   0x080033e4   0x000000d8   Code   RO          315    i.Ui_Display        ui.o
    0x080034bc   0x080034bc   0x00000002   Code   RO          816    i.UsageFault_Handler  stm32f1xx_it.o
    0x080034be   0x080034be   0x00000028   Code   RO         5183    i.__ARM_fpclassify  m_ws.l(fpclassify.o)
    0x080034e6   0x080034e6   0x00000020   Code   RO         1488    i.__NVIC_SetPriority  stm32f1xx_hal_cortex.o
    0x08003506   0x08003506   0x00000002   PAD
    0x08003508   0x08003508   0x00000388   Code   RO         5136    i.__ieee754_rem_pio2  m_ws.l(rred.o)
    0x08003890   0x08003890   0x000000fc   Code   RO         5119    i.__kernel_cos      m_ws.l(cos_i.o)
    0x0800398c   0x0800398c   0x000000aa   Code   RO         5185    i.__kernel_poly     m_ws.l(poly.o)
    0x08003a36   0x08003a36   0x00000002   PAD
    0x08003a38   0x08003a38   0x000000ec   Code   RO         5141    i.__kernel_sin      m_ws.l(sin_i.o)
    0x08003b24   0x08003b24   0x00000006   Code   RO         5123    i.__mathlib_dbl_infnan  m_ws.l(dunder.o)
    0x08003b2a   0x08003b2a   0x0000000c   Code   RO         5125    i.__mathlib_dbl_invalid  m_ws.l(dunder.o)
    0x08003b36   0x08003b36   0x00000002   PAD
    0x08003b38   0x08003b38   0x00000010   Code   RO         5128    i.__mathlib_dbl_underflow  m_ws.l(dunder.o)
    0x08003b48   0x08003b48   0x00000098   Code   RO          394    i.generate_Dwave    wave.o
    0x08003be0   0x08003be0   0x00000048   Code   RO          395    i.generate_Sin_Twave  wave.o
    0x08003c28   0x08003c28   0x00000098   Code   RO          396    i.generate_Twave    wave.o
    0x08003cc0   0x08003cc0   0x0000002a   Code   RO          499    i.main              main.o
    0x08003cea   0x08003cea   0x00000002   PAD
    0x08003cec   0x08003cec   0x00000034   Code   RO         4492    i.osDelay           cmsis_os2.o
    0x08003d20   0x08003d20   0x00000058   Code   RO         4494    i.osEventFlagsClear  cmsis_os2.o
    0x08003d78   0x08003d78   0x00000030   Code   RO         4496    i.osEventFlagsGet   cmsis_os2.o
    0x08003da8   0x08003da8   0x00000044   Code   RO         4497    i.osEventFlagsNew   cmsis_os2.o
    0x08003dec   0x08003dec   0x0000006c   Code   RO         4498    i.osEventFlagsSet   cmsis_os2.o
    0x08003e58   0x08003e58   0x0000007c   Code   RO         4499    i.osEventFlagsWait  cmsis_os2.o
    0x08003ed4   0x08003ed4   0x00000038   Code   RO         4506    i.osKernelInitialize  cmsis_os2.o
    0x08003f0c   0x08003f0c   0x00000040   Code   RO         4509    i.osKernelStart     cmsis_os2.o
    0x08003f4c   0x08003f4c   0x000000a4   Code   RO         4543    i.osThreadNew       cmsis_os2.o
    0x08003ff0   0x08003ff0   0x00000084   Code   RO         4552    i.osTimerNew        cmsis_os2.o
    0x08004074   0x08004074   0x0000004c   Code   RO         4553    i.osTimerStart      cmsis_os2.o
    0x080040c0   0x080040c0   0x0000005c   Code   RO         3988    i.prvAddCurrentTaskToDelayedList  tasks.o
    0x0800411c   0x0800411c   0x000000d0   Code   RO         3989    i.prvAddNewTaskToReadyList  tasks.o
    0x080041ec   0x080041ec   0x00000058   Code   RO         4338    i.prvCheckForValidListAndQueue  timers.o
    0x08004244   0x08004244   0x00000026   Code   RO         3591    i.prvCopyDataFromQueue  queue.o
    0x0800426a   0x0800426a   0x0000006c   Code   RO         3592    i.prvCopyDataToQueue  queue.o
    0x080042d6   0x080042d6   0x00000034   Code   RO         3990    i.prvDeleteTCB      tasks.o
    0x0800430a   0x0800430a   0x00000002   PAD
    0x0800430c   0x0800430c   0x0000004c   Code   RO         4913    i.prvHeapInit       heap_4.o
    0x08004358   0x08004358   0x00000060   Code   RO         3991    i.prvIdleTask       tasks.o
    0x080043b8   0x080043b8   0x00000022   Code   RO         3594    i.prvInitialiseNewQueue  queue.o
    0x080043da   0x080043da   0x0000009c   Code   RO         3992    i.prvInitialiseNewTask  tasks.o
    0x08004476   0x08004476   0x00000044   Code   RO         4339    i.prvInitialiseNewTimer  timers.o
    0x080044ba   0x080044ba   0x00000002   PAD
    0x080044bc   0x080044bc   0x0000004c   Code   RO         4914    i.prvInsertBlockIntoFreeList  heap_4.o
    0x08004508   0x08004508   0x00000038   Code   RO         4340    i.prvInsertTimerInActiveList  timers.o
    0x08004540   0x08004540   0x0000001c   Code   RO         3595    i.prvIsQueueEmpty   queue.o
    0x0800455c   0x0800455c   0x000000cc   Code   RO         4341    i.prvProcessReceivedCommands  timers.o
    0x08004628   0x08004628   0x000000b4   Code   RO         4342    i.prvProcessTimerOrBlockTask  timers.o
    0x080046dc   0x080046dc   0x00000020   Code   RO         3994    i.prvResetNextTaskUnblockTime  tasks.o
    0x080046fc   0x080046fc   0x00000028   Code   RO         4343    i.prvSampleTimeNow  timers.o
    0x08004724   0x08004724   0x0000006c   Code   RO         4344    i.prvSwitchTimerLists  timers.o
    0x08004790   0x08004790   0x00000028   Code   RO         4964    i.prvTaskExitError  port.o
    0x080047b8   0x080047b8   0x00000014   Code   RO         3429    i.prvTestWaitCondition  event_groups.o
    0x080047cc   0x080047cc   0x00000024   Code   RO         4345    i.prvTimerTask      timers.o
    0x080047f0   0x080047f0   0x0000006a   Code   RO         3596    i.prvUnlockQueue    queue.o
    0x0800485a   0x0800485a   0x00000002   PAD
    0x0800485c   0x0800485c   0x000000d8   Code   RO         4915    i.pvPortMalloc      heap_4.o
    0x08004934   0x08004934   0x00000024   Code   RO         4346    i.pvTimerGetTimerID  timers.o
    0x08004958   0x08004958   0x00000024   Code   RO         4965    i.pxPortInitialiseStack  port.o
    0x0800497c   0x0800497c   0x000000a0   Code   RO         5094    i.sin               m_ws.l(sin.o)
    0x08004a1c   0x08004a1c   0x00000026   Code   RO         3551    i.uxListRemove      list.o
    0x08004a42   0x08004a42   0x00000002   PAD
    0x08004a44   0x08004a44   0x00000018   Code   RO         4005    i.uxTaskResetEventItemValue  tasks.o
    0x08004a5c   0x08004a5c   0x00000014   Code   RO         4555    i.vApplicationGetIdleTaskMemory  cmsis_os2.o
    0x08004a70   0x08004a70   0x00000018   Code   RO         4556    i.vApplicationGetTimerTaskMemory  cmsis_os2.o
    0x08004a88   0x08004a88   0x00000004   Code   RO         3431    i.vEventGroupClearBitsCallback  event_groups.o
    0x08004a8c   0x08004a8c   0x00000004   Code   RO         3433    i.vEventGroupSetBitsCallback  event_groups.o
    0x08004a90   0x08004a90   0x00000016   Code   RO         3552    i.vListInitialise   list.o
    0x08004aa6   0x08004aa6   0x00000006   Code   RO         3553    i.vListInitialiseItem  list.o
    0x08004aac   0x08004aac   0x00000030   Code   RO         3554    i.vListInsert       list.o
    0x08004adc   0x08004adc   0x00000018   Code   RO         3555    i.vListInsertEnd    list.o
    0x08004af4   0x08004af4   0x00000040   Code   RO         4967    i.vPortEnterCritical  port.o
    0x08004b34   0x08004b34   0x00000028   Code   RO         4968    i.vPortExitCritical  port.o
    0x08004b5c   0x08004b5c   0x0000005c   Code   RO         4916    i.vPortFree         heap_4.o
    0x08004bb8   0x08004bb8   0x00000024   Code   RO         4969    i.vPortSetupTimerInterrupt  port.o
    0x08004bdc   0x08004bdc   0x00000054   Code   RO         4970    i.vPortValidateInterruptPriority  port.o
    0x08004c30   0x08004c30   0x00000028   Code   RO         3602    i.vQueueAddToRegistry  queue.o
    0x08004c58   0x08004c58   0x00000044   Code   RO         3606    i.vQueueWaitForMessageRestricted  queue.o
    0x08004c9c   0x08004c9c   0x0000004c   Code   RO         4006    i.vTaskDelay        tasks.o
    0x08004ce8   0x08004ce8   0x00000010   Code   RO         4011    i.vTaskInternalSetTimeOutState  tasks.o
    0x08004cf8   0x08004cf8   0x0000000c   Code   RO         4012    i.vTaskMissedYield  tasks.o
    0x08004d04   0x08004d04   0x00000030   Code   RO         4014    i.vTaskPlaceOnEventList  tasks.o
    0x08004d34   0x08004d34   0x00000038   Code   RO         4015    i.vTaskPlaceOnEventListRestricted  tasks.o
    0x08004d6c   0x08004d6c   0x00000050   Code   RO         4016    i.vTaskPlaceOnUnorderedEventList  tasks.o
    0x08004dbc   0x08004dbc   0x00000070   Code   RO         4019    i.vTaskRemoveFromUnorderedEventList  tasks.o
    0x08004e2c   0x08004e2c   0x00000088   Code   RO         4023    i.vTaskStartScheduler  tasks.o
    0x08004eb4   0x08004eb4   0x00000010   Code   RO         4025    i.vTaskSuspendAll   tasks.o
    0x08004ec4   0x08004ec4   0x00000064   Code   RO         4026    i.vTaskSwitchContext  tasks.o
    0x08004f28   0x08004f28   0x00000040   Code   RO         3435    i.xEventGroupClearBits  event_groups.o
    0x08004f68   0x08004f68   0x00000010   Code   RO         3436    i.xEventGroupClearBitsFromISR  event_groups.o
    0x08004f78   0x08004f78   0x0000001c   Code   RO         3437    i.xEventGroupCreate  event_groups.o
    0x08004f94   0x08004f94   0x0000002c   Code   RO         3438    i.xEventGroupCreateStatic  event_groups.o
    0x08004fc0   0x08004fc0   0x0000001a   Code   RO         3439    i.xEventGroupGetBitsFromISR  event_groups.o
    0x08004fda   0x08004fda   0x0000008c   Code   RO         3440    i.xEventGroupSetBits  event_groups.o
    0x08005066   0x08005066   0x00000002   PAD
    0x08005068   0x08005068   0x00000010   Code   RO         3441    i.xEventGroupSetBitsFromISR  event_groups.o
    0x08005078   0x08005078   0x00000108   Code   RO         3443    i.xEventGroupWaitBits  event_groups.o
    0x08005180   0x08005180   0x000000a8   Code   RO         4971    i.xPortStartScheduler  port.o
    0x08005228   0x08005228   0x00000066   Code   RO         3612    i.xQueueGenericCreateStatic  queue.o
    0x0800528e   0x0800528e   0x00000002   PAD
    0x08005290   0x08005290   0x00000088   Code   RO         3613    i.xQueueGenericReset  queue.o
    0x08005318   0x08005318   0x00000160   Code   RO         3614    i.xQueueGenericSend  queue.o
    0x08005478   0x08005478   0x000000bc   Code   RO         3615    i.xQueueGenericSendFromISR  queue.o
    0x08005534   0x08005534   0x00000138   Code   RO         3624    i.xQueueReceive     queue.o
    0x0800566c   0x0800566c   0x00000074   Code   RO         4027    i.xTaskCheckForTimeOut  tasks.o
    0x080056e0   0x080056e0   0x0000005a   Code   RO         4028    i.xTaskCreate       tasks.o
    0x0800573a   0x0800573a   0x00000056   Code   RO         4029    i.xTaskCreateStatic  tasks.o
    0x08005790   0x08005790   0x0000001c   Code   RO         4033    i.xTaskGetSchedulerState  tasks.o
    0x080057ac   0x080057ac   0x0000000c   Code   RO         4034    i.xTaskGetTickCount  tasks.o
    0x080057b8   0x080057b8   0x000000c8   Code   RO         4036    i.xTaskIncrementTick  tasks.o
    0x08005880   0x08005880   0x00000080   Code   RO         4039    i.xTaskPriorityDisinherit  tasks.o
    0x08005900   0x08005900   0x00000070   Code   RO         4041    i.xTaskRemoveFromEventList  tasks.o
    0x08005970   0x08005970   0x000000c4   Code   RO         4042    i.xTaskResumeAll    tasks.o
    0x08005a34   0x08005a34   0x00000034   Code   RO         4350    i.xTimerCreate      timers.o
    0x08005a68   0x08005a68   0x0000002e   Code   RO         4351    i.xTimerCreateStatic  timers.o
    0x08005a96   0x08005a96   0x00000002   PAD
    0x08005a98   0x08005a98   0x00000060   Code   RO         4352    i.xTimerCreateTimerTask  timers.o
    0x08005af8   0x08005af8   0x00000068   Code   RO         4353    i.xTimerGenericCommand  timers.o
    0x08005b60   0x08005b60   0x00000028   Code   RO         4359    i.xTimerPendFunctionCallFromISR  timers.o
    0x08005b88   0x08005b88   0x00000062   Code   RO         5055    x$fpl$d2f           fz_ws.l(d2f.o)
    0x08005bea   0x08005bea   0x00000002   PAD
    0x08005bec   0x08005bec   0x00000150   Code   RO         5057    x$fpl$dadd          fz_ws.l(daddsub_clz.o)
    0x08005d3c   0x08005d3c   0x00000010   Code   RO         5200    x$fpl$dcheck1       fz_ws.l(dcheck1.o)
    0x08005d4c   0x08005d4c   0x000002b0   Code   RO         5064    x$fpl$ddiv          fz_ws.l(ddiv.o)
    0x08005ffc   0x08005ffc   0x0000005e   Code   RO         5167    x$fpl$dfix          fz_ws.l(dfix.o)
    0x0800605a   0x0800605a   0x0000002e   Code   RO         5172    x$fpl$dflt          fz_ws.l(dflt_clz.o)
    0x08006088   0x08006088   0x00000026   Code   RO         5171    x$fpl$dfltu         fz_ws.l(dflt_clz.o)
    0x080060ae   0x080060ae   0x00000002   PAD
    0x080060b0   0x080060b0   0x00000154   Code   RO         5177    x$fpl$dmul          fz_ws.l(dmul.o)
    0x08006204   0x08006204   0x0000009c   Code   RO         5108    x$fpl$dnaninf       fz_ws.l(dnaninf.o)
    0x080062a0   0x080062a0   0x0000000c   Code   RO         5110    x$fpl$dretinf       fz_ws.l(dretinf.o)
    0x080062ac   0x080062ac   0x00000016   Code   RO         5058    x$fpl$drsb          fz_ws.l(daddsub_clz.o)
    0x080062c2   0x080062c2   0x00000002   PAD
    0x080062c4   0x080062c4   0x000001d4   Code   RO         5059    x$fpl$dsub          fz_ws.l(daddsub_clz.o)
    0x08006498   0x08006498   0x00000056   Code   RO         5067    x$fpl$f2d           fz_ws.l(f2d.o)
    0x080064ee   0x080064ee   0x00000002   PAD
    0x080064f0   0x080064f0   0x000000c4   Code   RO         5069    x$fpl$fadd          fz_ws.l(faddsub_clz.o)
    0x080065b4   0x080065b4   0x0000000c   Code   RO         5112    x$fpl$fcheck1       fz_ws.l(fcheck1.o)
    0x080065c0   0x080065c0   0x00000184   Code   RO         5076    x$fpl$fdiv          fz_ws.l(fdiv.o)
    0x08006744   0x08006744   0x0000003e   Code   RO         5079    x$fpl$ffixu         fz_ws.l(ffixu.o)
    0x08006782   0x08006782   0x00000002   PAD
    0x08006784   0x08006784   0x00000026   Code   RO         5083    x$fpl$ffltu         fz_ws.l(fflt_clz.o)
    0x080067aa   0x080067aa   0x00000002   PAD
    0x080067ac   0x080067ac   0x00000102   Code   RO         5089    x$fpl$fmul          fz_ws.l(fmul.o)
    0x080068ae   0x080068ae   0x0000008c   Code   RO         5114    x$fpl$fnaninf       fz_ws.l(fnaninf.o)
    0x0800693a   0x0800693a   0x0000000a   Code   RO         5116    x$fpl$fretinf       fz_ws.l(fretinf.o)
    0x08006944   0x08006944   0x00000014   Code   RO         5070    x$fpl$frsb          fz_ws.l(faddsub_clz.o)
    0x08006958   0x08006958   0x000000ea   Code   RO         5071    x$fpl$fsub          fz_ws.l(faddsub_clz.o)
    0x08006a42   0x08006a42   0x00000064   Code   RO         5179    x$fpl$retnan        fz_ws.l(retnan.o)
    0x08006aa6   0x08006aa6   0x0000005c   Code   RO         5181    x$fpl$scalbn        fz_ws.l(scalbn.o)
    0x08006b02   0x08006b02   0x0000004c   Code   RO         5091    x$fpl$scalbnf       fz_ws.l(scalbnf.o)
    0x08006b4e   0x08006b4e   0x00000030   Code   RO         5202    x$fpl$trapveneer    fz_ws.l(trapv.o)
    0x08006b7e   0x08006b7e   0x00000000   Code   RO         5118    x$fpl$usenofp       fz_ws.l(usenofp.o)
    0x08006b7e   0x08006b7e   0x00000eb0   Data   RO           91    .constdata          oled.o
    0x08007a2e   0x08007a2e   0x00000002   PAD
    0x08007a30   0x08007a30   0x0000012c   Data   RO          606    .constdata          freertos.o
    0x08007b5c   0x08007b5c   0x00000012   Data   RO         1186    .constdata          stm32f1xx_hal_rcc.o
    0x08007b6e   0x08007b6e   0x00000010   Data   RO         3387    .constdata          system_stm32f1xx.o
    0x08007b7e   0x08007b7e   0x00000008   Data   RO         3388    .constdata          system_stm32f1xx.o
    0x08007b86   0x08007b86   0x00000002   PAD
    0x08007b88   0x08007b88   0x00000030   Data   RO         5120    .constdata          m_ws.l(cos_i.o)
    0x08007bb8   0x08007bb8   0x000000c8   Data   RO         5138    .constdata          m_ws.l(rred.o)
    0x08007c80   0x08007c80   0x00000028   Data   RO         5142    .constdata          m_ws.l(sin_i.o)
    0x08007ca8   0x08007ca8   0x00000081   Data   RO          607    .conststring        freertos.o
    0x08007d29   0x08007d29   0x00000003   PAD
    0x08007d2c   0x08007d2c   0x00000020   Data   RO         5330    Region$$Table       anon$$obj.o


    Execution Region RW_IRAM1 (Exec base: 0x20000000, Load base: 0x08007d4c, Size: 0x00003fd8, Max: 0x00005000, ABSOLUTE)

    Exec Addr    Load Addr    Size         Type   Attr      Idx    E Section Name        Object

    0x20000000   0x08007d4c   0x00000038   Data   RW          608    .data               freertos.o
    0x20000038   0x08007d84   0x0000000c   Data   RW         1023    .data               stm32f1xx_hal.o
    0x20000044   0x08007d90   0x00000004   Data   RW         3389    .data               system_stm32f1xx.o
    0x20000048   0x08007d94   0x0000003c   Data   RW         4045    .data               tasks.o
    0x20000084   0x08007dd0   0x00000014   Data   RW         4361    .data               timers.o
    0x20000098   0x08007de4   0x00000004   Data   RW         4558    .data               cmsis_os2.o
    0x2000009c   0x08007de8   0x00000018   Data   RW         4921    .data               heap_4.o
    0x200000b4   0x08007e00   0x0000000c   Data   RW         4972    .data               port.o
    0x200000c0        -       0x000000d4   Zero   RW          500    .bss                main.o
    0x20000194        -       0x00000190   Zero   RW          605    .bss                freertos.o
    0x20000324        -       0x000000a8   Zero   RW          701    .bss                i2c.o
    0x200003cc        -       0x00000090   Zero   RW          751    .bss                tim.o
    0x2000045c        -       0x00000048   Zero   RW          926    .bss                stm32f1xx_hal_timebase_tim.o
    0x200004a4        -       0x00000040   Zero   RW         3628    .bss                queue.o
    0x200004e4        -       0x000004c4   Zero   RW         4044    .bss                tasks.o
    0x200009a8        -       0x00000118   Zero   RW         4360    .bss                timers.o
    0x20000ac0        -       0x000006b8   Zero   RW         4557    .bss                cmsis_os2.o
    0x20001178        -       0x00002800   Zero   RW         4920    .bss                heap_4.o
    0x20003978        -       0x00000060   Zero   RW         5188    .bss                c_w.l(libspace.o)
    0x200039d8        -       0x00000200   Zero   RW            2    HEAP                startup_stm32f103xb.o
    0x20003bd8        -       0x00000400   Zero   RW            1    STACK               startup_stm32f103xb.o


==============================================================================

Image component sizes


      Code (inc. data)   RO Data    RW Data    ZI Data      Debug   Object Name

      1048         78          0          4       1720      21903   cmsis_os2.o
       224         28          0          0          0       3236   dac.o
       626         12          0          0          0      30738   event_groups.o
      3184        168        429         56        400      11675   freertos.o
       280         22          0          0          0        979   gpio.o
       460         24          0         24      10240       4519   heap_4.o
       280         46          0          0        168       2158   i2c.o
       104         10          0          0          0       1954   knob.o
       138          0          0          0          0       3242   list.o
       224         12          0          0        212      10735   main.o
       706         28       3760          0          0     427841   oled.o
       662         70          0         12          0      10521   port.o
      1512         20          0          0         64      16532   queue.o
      1076        342          0          0          0       9772   singal.o
        64         26        236          0       1536        788   startup_stm32f103xb.o
       100         18          0         12          0       5074   stm32f1xx_hal.o
       158         14          0          0          0      28058   stm32f1xx_hal_cortex.o
       524         40          0          0          0       3994   stm32f1xx_hal_gpio.o
      1870         48          0          0          0      11097   stm32f1xx_hal_i2c.o
        72         10          0          0          0        822   stm32f1xx_hal_msp.o
      1272         82         18          0          0       5030   stm32f1xx_hal_rcc.o
      1358         26          0          0          0      12399   stm32f1xx_hal_tim.o
       108         12          0          0          0       2305   stm32f1xx_hal_tim_ex.o
       152         20          0          0         72       1403   stm32f1xx_hal_timebase_tim.o
        60         12          0          0          0       4888   stm32f1xx_it.o
         0          0          0          0          0       8860   stream_buffer.o
         2          0         24          4          0       1047   system_stm32f1xx.o
      2280        188          0         60       1220      24993   tasks.o
       356         40          0          0        144       2785   tim.o
      1154         88          0         20        280      30123   timers.o
       216         18          0          0          0       1089   ui.o
       376         18          0          0          0       2679   wave.o

    ----------------------------------------------------------------------
     20688       1520       4506        192      16056     703239   Object Totals
         0          0         32          0          0          0   (incl. Generated)
        42          0          7          0          0          0   (incl. Padding)

    ----------------------------------------------------------------------

      Code (inc. data)   RO Data    RW Data    ZI Data      Debug   Library Member Name

         8          0          0          0          0         68   __main.o
         0          0          0          0          0          0   __rtentry.o
        12          0          0          0          0          0   __rtentry2.o
         6          0          0          0          0          0   __rtentry4.o
        52          8          0          0          0          0   __scatter.o
        26          0          0          0          0          0   __scatter_copy.o
        28          0          0          0          0          0   __scatter_zi.o
        22          0          0          0          0        100   _rserrno.o
        16          0          0          0          0         68   aeabi_memset.o
        18          0          0          0          0         80   exit.o
         6          0          0          0          0        152   heapauxi.o
         0          0          0          0          0          0   indicate_semi.o
         2          0          0          0          0          0   libinit.o
         2          0          0          0          0          0   libinit2.o
         2          0          0          0          0          0   libshutdown.o
         2          0          0          0          0          0   libshutdown2.o
         8          4          0          0         96         68   libspace.o
         8          4          0          0          0         68   rt_errno_addr_intlibspace.o
        68          0          0          0          0         68   rt_memclr.o
        78          0          0          0          0         80   rt_memclr_w.o
       138          0          0          0          0         68   rt_memcpy_v6.o
       100          0          0          0          0         80   rt_memcpy_w.o
         2          0          0          0          0          0   rtexit.o
        10          0          0          0          0          0   rtexit2.o
        12          4          0          0          0         68   sys_exit.o
        74          0          0          0          0         80   sys_stackheap_outer.o
         2          0          0          0          0         68   use_no_semi.o
        98          4          0          0          0         92   d2f.o
       826         16          0          0          0        348   daddsub_clz.o
        16          4          0          0          0         68   dcheck1.o
       688        140          0          0          0        208   ddiv.o
        94          4          0          0          0         92   dfix.o
        84          0          0          0          0        136   dflt_clz.o
       340         12          0          0          0        104   dmul.o
       156          4          0          0          0         92   dnaninf.o
        12          0          0          0          0         68   dretinf.o
        86          4          0          0          0         84   f2d.o
       450          8          0          0          0        236   faddsub_clz.o
        12          4          0          0          0         68   fcheck1.o
       388         76          0          0          0         96   fdiv.o
        62          4          0          0          0         84   ffixu.o
        38          0          0          0          0         68   fflt_clz.o
       258          4          0          0          0         84   fmul.o
       140          4          0          0          0         84   fnaninf.o
        10          0          0          0          0         68   fretinf.o
       100          0          0          0          0         68   retnan.o
        92          0          0          0          0         68   scalbn.o
        76          0          0          0          0         68   scalbnf.o
        48          0          0          0          0         68   trapv.o
         0          0          0          0          0          0   usenofp.o
       252         22         48          0          0        124   cos_i.o
        34          6          0          0          0        204   dunder.o
        40          0          0          0          0         68   fpclassify.o
       170          0          0          0          0         96   poly.o
       904         76        200          0          0        140   rred.o
       160         10          0          0          0        108   sin.o
       236         12         40          0          0        128   sin_i.o

    ----------------------------------------------------------------------
      6594        434        288          0         96       4336   Library Totals
        22          0          0          0          0          0   (incl. Padding)

    ----------------------------------------------------------------------

      Code (inc. data)   RO Data    RW Data    ZI Data      Debug   Library Name

       702         20          0          0         96       1116   c_w.l
      4074        288          0          0          0       2352   fz_ws.l
      1796        126        288          0          0        868   m_ws.l

    ----------------------------------------------------------------------
      6594        434        288          0         96       4336   Library Totals

    ----------------------------------------------------------------------

==============================================================================


      Code (inc. data)   RO Data    RW Data    ZI Data      Debug   

     27282       1954       4794        192      16152     694519   Grand Totals
     27282       1954       4794        192      16152     694519   ELF Image Totals
     27282       1954       4794        192          0          0   ROM Totals

==============================================================================

    Total RO  Size (Code + RO Data)                32076 (  31.32kB)
    Total RW  Size (RW Data + ZI Data)             16344 (  15.96kB)
    Total ROM Size (Code + RO Data + RW Data)      32268 (  31.51kB)

==============================================================================

